Component: ARM Compiler 5.06 update 6 (build 750) Tool: armlink [4d35ed]

==============================================================================

Section Cross References

    hts221.o(i.HTS221_DeInit) refers to hts221.o(i.HTS221_HUM_Disable) for HTS221_HUM_Disable
    hts221.o(i.HTS221_DeInit) refers to hts221.o(i.HTS221_TEMP_Disable) for HTS221_TEMP_Disable
    hts221.o(i.HTS221_Enable_DRDY_Interrupt) refers to hts221_reg.o(i.hts221_drdy_on_int_set) for hts221_drdy_on_int_set
    hts221.o(i.HTS221_GetOutputDataRate) refers to hts221_reg.o(i.hts221_data_rate_get) for hts221_data_rate_get
    hts221.o(i.HTS221_Get_One_Shot_Status) refers to hts221_reg.o(i.hts221_hum_data_ready_get) for hts221_hum_data_ready_get
    hts221.o(i.HTS221_Get_One_Shot_Status) refers to hts221_reg.o(i.hts221_temp_data_ready_get) for hts221_temp_data_ready_get
    hts221.o(i.HTS221_HUM_Disable) refers to hts221_reg.o(i.hts221_power_on_set) for hts221_power_on_set
    hts221.o(i.HTS221_HUM_Enable) refers to hts221_reg.o(i.hts221_power_on_set) for hts221_power_on_set
    hts221.o(i.HTS221_HUM_GetHumidity) refers to hts221_reg.o(i.hts221_hum_adc_point_0_get) for hts221_hum_adc_point_0_get
    hts221.o(i.HTS221_HUM_GetHumidity) refers to hts221_reg.o(i.hts221_hum_rh_point_0_get) for hts221_hum_rh_point_0_get
    hts221.o(i.HTS221_HUM_GetHumidity) refers to hts221_reg.o(i.hts221_hum_adc_point_1_get) for hts221_hum_adc_point_1_get
    hts221.o(i.HTS221_HUM_GetHumidity) refers to hts221_reg.o(i.hts221_hum_rh_point_1_get) for hts221_hum_rh_point_1_get
    hts221.o(i.HTS221_HUM_GetHumidity) refers to hts221_reg.o(i.hts221_humidity_raw_get) for hts221_humidity_raw_get
    hts221.o(i.HTS221_HUM_GetHumidity) refers to hts221.o(i.Linear_Interpolation) for Linear_Interpolation
    hts221.o(i.HTS221_HUM_GetOutputDataRate) refers to hts221.o(i.HTS221_GetOutputDataRate) for HTS221_GetOutputDataRate
    hts221.o(i.HTS221_HUM_Get_DRDY_Status) refers to hts221_reg.o(i.hts221_hum_data_ready_get) for hts221_hum_data_ready_get
    hts221.o(i.HTS221_HUM_SetOutputDataRate) refers to hts221.o(i.HTS221_SetOutputDataRate) for HTS221_SetOutputDataRate
    hts221.o(i.HTS221_Init) refers to hts221.o(i.HTS221_Initialize) for HTS221_Initialize
    hts221.o(i.HTS221_Initialize) refers to hts221_reg.o(i.hts221_power_on_set) for hts221_power_on_set
    hts221.o(i.HTS221_Initialize) refers to hts221_reg.o(i.hts221_block_data_update_set) for hts221_block_data_update_set
    hts221.o(i.HTS221_Initialize) refers to hts221.o(i.HTS221_SetOutputDataRate) for HTS221_SetOutputDataRate
    hts221.o(i.HTS221_ReadID) refers to hts221_reg.o(i.hts221_device_id_get) for hts221_device_id_get
    hts221.o(i.HTS221_Read_Reg) refers to hts221_reg.o(i.hts221_read_reg) for hts221_read_reg
    hts221.o(i.HTS221_RegisterBusIO) refers to hts221.o(i.ReadRegWrap) for ReadRegWrap
    hts221.o(i.HTS221_RegisterBusIO) refers to hts221.o(i.WriteRegWrap) for WriteRegWrap
    hts221.o(i.HTS221_SetOutputDataRate) refers to hts221_reg.o(i.hts221_data_rate_set) for hts221_data_rate_set
    hts221.o(i.HTS221_Set_One_Shot) refers to hts221_reg.o(i.hts221_data_rate_set) for hts221_data_rate_set
    hts221.o(i.HTS221_Set_One_Shot) refers to hts221_reg.o(i.hts221_one_shoot_trigger_set) for hts221_one_shoot_trigger_set
    hts221.o(i.HTS221_TEMP_Disable) refers to hts221_reg.o(i.hts221_power_on_set) for hts221_power_on_set
    hts221.o(i.HTS221_TEMP_Enable) refers to hts221_reg.o(i.hts221_power_on_set) for hts221_power_on_set
    hts221.o(i.HTS221_TEMP_GetOutputDataRate) refers to hts221.o(i.HTS221_GetOutputDataRate) for HTS221_GetOutputDataRate
    hts221.o(i.HTS221_TEMP_GetTemperature) refers to hts221_reg.o(i.hts221_temp_adc_point_0_get) for hts221_temp_adc_point_0_get
    hts221.o(i.HTS221_TEMP_GetTemperature) refers to hts221_reg.o(i.hts221_temp_deg_point_0_get) for hts221_temp_deg_point_0_get
    hts221.o(i.HTS221_TEMP_GetTemperature) refers to hts221_reg.o(i.hts221_temp_adc_point_1_get) for hts221_temp_adc_point_1_get
    hts221.o(i.HTS221_TEMP_GetTemperature) refers to hts221_reg.o(i.hts221_temp_deg_point_1_get) for hts221_temp_deg_point_1_get
    hts221.o(i.HTS221_TEMP_GetTemperature) refers to hts221_reg.o(i.hts221_temperature_raw_get) for hts221_temperature_raw_get
    hts221.o(i.HTS221_TEMP_GetTemperature) refers to hts221.o(i.Linear_Interpolation) for Linear_Interpolation
    hts221.o(i.HTS221_TEMP_Get_DRDY_Status) refers to hts221_reg.o(i.hts221_temp_data_ready_get) for hts221_temp_data_ready_get
    hts221.o(i.HTS221_TEMP_SetOutputDataRate) refers to hts221.o(i.HTS221_SetOutputDataRate) for HTS221_SetOutputDataRate
    hts221.o(i.HTS221_Write_Reg) refers to hts221_reg.o(i.hts221_write_reg) for hts221_write_reg
    hts221.o(.data) refers to hts221.o(i.HTS221_Init) for HTS221_Init
    hts221.o(.data) refers to hts221.o(i.HTS221_DeInit) for HTS221_DeInit
    hts221.o(.data) refers to hts221.o(i.HTS221_ReadID) for HTS221_ReadID
[...]
    LPS22HB_DeInit                           0x0800fa39   Thumb Code    50  lps22hb.o(i.LPS22HB_DeInit)
    LPS22HB_GetCapabilities                  0x0800fa6d   Thumb Code    42  lps22hb.o(i.LPS22HB_GetCapabilities)
    LPS22HB_Init                             0x0800fb21   Thumb Code    34  lps22hb.o(i.LPS22HB_Init)
    LPS22HB_PRESS_Disable                    0x0800fbc1   Thumb Code    68  lps22hb.o(i.LPS22HB_PRESS_Disable)
    LPS22HB_PRESS_Enable                     0x0800fc05   Thumb Code    46  lps22hb.o(i.LPS22HB_PRESS_Enable)
    LPS22HB_PRESS_GetOutputDataRate          0x0800fc33   Thumb Code    16  lps22hb.o(i.LPS22HB_PRESS_GetOutputDataRate)
    LPS22HB_PRESS_GetPressure                0x0800fc43   Thumb Code    42  lps22hb.o(i.LPS22HB_PRESS_GetPressure)
    LPS22HB_PRESS_SetOutputDataRate          0x0800fc6d   Thumb Code    48  lps22hb.o(i.LPS22HB_PRESS_SetOutputDataRate)
    LPS22HB_ReadID                           0x0800fc9d   Thumb Code    28  lps22hb.o(i.LPS22HB_ReadID)
    LPS22HB_RegisterBusIO                    0x0800fcb9   Thumb Code   112  lps22hb.o(i.LPS22HB_RegisterBusIO)
    LPS22HB_TEMP_Disable                     0x0800fe15   Thumb Code    68  lps22hb.o(i.LPS22HB_TEMP_Disable)
    LPS22HB_TEMP_Enable                      0x0800fe59   Thumb Code    46  lps22hb.o(i.LPS22HB_TEMP_Enable)
    LPS22HB_TEMP_GetOutputDataRate           0x0800fe87   Thumb Code    16  lps22hb.o(i.LPS22HB_TEMP_GetOutputDataRate)
    LPS22HB_TEMP_GetTemperature              0x0800fe97   Thumb Code    44  lps22hb.o(i.LPS22HB_TEMP_GetTemperature)
    LPS22HB_TEMP_SetOutputDataRate           0x0800fec3   Thumb Code    48  lps22hb.o(i.LPS22HB_TEMP_SetOutputDataRate)
    LPS22HB_Write_Reg                        0x0800fef3   Thumb Code    32  lps22hb.o(i.LPS22HB_Write_Reg)
    LSM303AGR_ACC_DeInit                     0x08010019   Thumb Code    32  lsm303agr.o(i.LSM303AGR_ACC_DeInit)
    LSM303AGR_ACC_Disable                    0x08010039   Thumb Code    62  lsm303agr.o(i.LSM303AGR_ACC_Disable)
    LSM303AGR_ACC_Enable                     0x08010077   Thumb Code    46  lsm303agr.o(i.LSM303AGR_ACC_Enable)
    LSM303AGR_ACC_GetAxes                    0x080100a5   Thumb Code   134  lsm303agr.o(i.LSM303AGR_ACC_GetAxes)
    LSM303AGR_ACC_GetAxesRaw                 0x08010131   Thumb Code   130  lsm303agr.o(i.LSM303AGR_ACC_GetAxesRaw)
    LSM303AGR_ACC_GetCapabilities            0x080101b5   Thumb Code    50  lsm303agr.o(i.LSM303AGR_ACC_GetCapabilities)
    LSM303AGR_ACC_GetFullScale               0x080101f1   Thumb Code    80  lsm303agr.o(i.LSM303AGR_ACC_GetFullScale)
    LSM303AGR_ACC_GetOutputDataRate          0x08010241   Thumb Code   304  lsm303agr.o(i.LSM303AGR_ACC_GetOutputDataRate)
    LSM303AGR_ACC_GetSensitivity             0x08010391   Thumb Code   106  lsm303agr.o(i.LSM303AGR_ACC_GetSensitivity)
    LSM303AGR_ACC_Init                       0x0801054d   Thumb Code    92  lsm303agr.o(i.LSM303AGR_ACC_Init)
    LSM303AGR_ACC_ReadID                     0x080105a9   Thumb Code    28  lsm303agr.o(i.LSM303AGR_ACC_ReadID)
    LSM303AGR_ACC_RegisterBusIO              0x080105c5   Thumb Code   114  lsm303agr.o(i.LSM303AGR_ACC_RegisterBusIO)
    LSM303AGR_ACC_SetFullScale               0x08010641   Thumb Code    56  lsm303agr.o(i.LSM303AGR_ACC_SetFullScale)
    LSM303AGR_ACC_SetOutputDataRate          0x08010679   Thumb Code    48  lsm303agr.o(i.LSM303AGR_ACC_SetOutputDataRate)
    LSM303AGR_ACC_Write_Reg                  0x080107d1   Thumb Code    32  lsm303agr.o(i.LSM303AGR_ACC_Write_Reg)
    LSM303AGR_MAG_DeInit                     0x080108f5   Thumb Code    28  lsm303agr.o(i.LSM303AGR_MAG_DeInit)
    LSM303AGR_MAG_Disable                    0x08010911   Thumb Code    42  lsm303agr.o(i.LSM303AGR_MAG_Disable)
    LSM303AGR_MAG_Enable                     0x0801093b   Thumb Code    44  lsm303agr.o(i.LSM303AGR_MAG_Enable)
    LSM303AGR_MAG_GetAxes                    0x08010967   Thumb Code   120  lsm303agr.o(i.LSM303AGR_MAG_GetAxes)
    LSM303AGR_MAG_GetAxesRaw                 0x080109df   Thumb Code    46  lsm303agr.o(i.LSM303AGR_MAG_GetAxesRaw)
    LSM303AGR_MAG_GetCapabilities            0x08010a0d   Thumb Code    52  lsm303agr.o(i.LSM303AGR_MAG_GetCapabilities)
    LSM303AGR_MAG_GetFullScale               0x08010a49   Thumb Code    10  lsm303agr.o(i.LSM303AGR_MAG_GetFullScale)
    LSM303AGR_MAG_GetOutputDataRate          0x08010a55   Thumb Code    96  lsm303agr.o(i.LSM303AGR_MAG_GetOutputDataRate)
    LSM303AGR_MAG_GetSensitivity             0x08010abd   Thumb Code    14  lsm303agr.o(i.LSM303AGR_MAG_GetSensitivity)
    LSM303AGR_MAG_Init                       0x08010acb   Thumb Code    86  lsm303agr.o(i.LSM303AGR_MAG_Init)
    LSM303AGR_MAG_ReadID                     0x08010b21   Thumb Code    28  lsm303agr.o(i.LSM303AGR_MAG_ReadID)
    LSM303AGR_MAG_RegisterBusIO              0x08010b3d   Thumb Code   106  lsm303agr.o(i.LSM303AGR_MAG_RegisterBusIO)
    LSM303AGR_MAG_SetFullScale               0x08010bb1   Thumb Code     6  lsm303agr.o(i.LSM303AGR_MAG_SetFullScale)
    LSM303AGR_MAG_SetOutputDataRate          0x08010bb9   Thumb Code    96  lsm303agr.o(i.LSM303AGR_MAG_SetOutputDataRate)
    LSM6DSL_ACC_Disable                      0x08010d4d   Thumb Code    62  lsm6dsl.o(i.LSM6DSL_ACC_Disable)
    LSM6DSL_ACC_Enable                       0x08010d8b   Thumb Code    46  lsm6dsl.o(i.LSM6DSL_ACC_Enable)
    LSM6DSL_ACC_GetAxes                      0x08010db9   Thumb Code   136  lsm6dsl.o(i.LSM6DSL_ACC_GetAxes)
    LSM6DSL_ACC_GetAxesRaw                   0x08010e45   Thumb Code    46  lsm6dsl.o(i.LSM6DSL_ACC_GetAxesRaw)
    LSM6DSL_ACC_GetFullScale                 0x08010e73   Thumb Code    80  lsm6dsl.o(i.LSM6DSL_ACC_GetFullScale)
    LSM6DSL_ACC_GetOutputDataRate            0x08010ec5   Thumb Code   180  lsm6dsl.o(i.LSM6DSL_ACC_GetOutputDataRate)
    LSM6DSL_ACC_GetSensitivity               0x08010fa1   Thumb Code    96  lsm6dsl.o(i.LSM6DSL_ACC_GetSensitivity)
    LSM6DSL_ACC_SetFullScale                 0x08011011   Thumb Code    56  lsm6dsl.o(i.LSM6DSL_ACC_SetFullScale)
    LSM6DSL_ACC_SetOutputDataRate            0x08011049   Thumb Code    48  lsm6dsl.o(i.LSM6DSL_ACC_SetOutputDataRate)
    LSM6DSL_DeInit                           0x0801122d   Thumb Code    48  lsm6dsl.o(i.LSM6DSL_DeInit)
    LSM6DSL_GYRO_Disable                     0x0801125d   Thumb Code    62  lsm6dsl.o(i.LSM6DSL_GYRO_Disable)
    LSM6DSL_GYRO_Enable                      0x0801129b   Thumb Code    46  lsm6dsl.o(i.LSM6DSL_GYRO_Enable)
    LSM6DSL_GYRO_GetAxes                     0x080112c9   Thumb Code   128  lsm6dsl.o(i.LSM6DSL_GYRO_GetAxes)
    LSM6DSL_GYRO_GetAxesRaw                  0x08011349   Thumb Code    46  lsm6dsl.o(i.LSM6DSL_GYRO_GetAxesRaw)
    LSM6DSL_GYRO_GetFullScale                0x08011377   Thumb Code    92  lsm6dsl.o(i.LSM6DSL_GYRO_GetFullScale)
    LSM6DSL_GYRO_GetOutputDataRate           0x080113d5   Thumb Code   170  lsm6dsl.o(i.LSM6DSL_GYRO_GetOutputDataRate)
    LSM6DSL_GYRO_GetSensitivity              0x080114a5   Thumb Code   106  lsm6dsl.o(i.LSM6DSL_GYRO_GetSensitivity)
    LSM6DSL_GYRO_SetFullScale                0x08011525   Thumb Code    68  lsm6dsl.o(i.LSM6DSL_GYRO_SetFullScale)
    LSM6DSL_GYRO_SetOutputDataRate           0x08011569   Thumb Code    48  lsm6dsl.o(i.LSM6DSL_GYRO_SetOutputDataRate)
    LSM6DSL_GetCapabilities                  0x0801174d   Thumb Code    54  lsm6dsl.o(i.LSM6DSL_GetCapabilities)
    LSM6DSL_Init                             0x0801178d   Thumb Code   152  lsm6dsl.o(i.LSM6DSL_Init)
    LSM6DSL_ReadID                           0x08011825   Thumb Code    28  lsm6dsl.o(i.LSM6DSL_ReadID)
    LSM6DSL_RegisterBusIO                    0x08011841   Thumb Code   114  lsm6dsl.o(i.LSM6DSL_RegisterBusIO)
    LSM6DSL_Write_Reg                        0x080118bd   Thumb Code    32  lsm6dsl.o(i.LSM6DSL_Write_Reg)
    MX_I2C1_Init                             0x0801195d   Thumb Code    50  nucleo_f401re_bus.o(i.MX_I2C1_Init)
    MX_I2C2_Init                             0x08011999   Thumb Code    48  i2c.o(i.MX_I2C2_Init)
    MotionFX_LoadMagCalFromNVM               0x08011bfd   Thumb Code     6  motionfx_manager.o(i.MotionFX_LoadMagCalFromNVM)
    MotionFX_SaveMagCalInNVM                 0x08011c03   Thumb Code     6  motionfx_manager.o(i.MotionFX_SaveMagCalInNVM)
    MotionFX_manager_MagCal_run              0x08011c09   Thumb Code    20  motionfx_manager.o(i.MotionFX_manager_MagCal_run)
    MotionFX_manager_MagCal_start            0x08011c1d   Thumb Code    14  motionfx_manager.o(i.MotionFX_manager_MagCal_start)
    MotionFX_manager_MagCal_stop             0x08011c2b   Thumb Code    14  motionfx_manager.o(i.MotionFX_manager_MagCal_stop)
    MotionFX_manager_get_version             0x08011c39   Thumb Code    16  motionfx_manager.o(i.MotionFX_manager_get_version)
    MotionFX_manager_init                    0x08011c49   Thumb Code   222  motionfx_manager.o(i.MotionFX_manager_init)
    MotionFX_manager_run                     0x08011d39   Thumb Code    58  motionfx_manager.o(i.MotionFX_manager_run)
    MotionFX_manager_start_6X                0x08011d7d   Thumb Code    10  motionfx_manager.o(i.MotionFX_manager_start_6X)
    MotionFX_manager_start_9X                0x08011d87   Thumb Code    10  motionfx_manager.o(i.MotionFX_manager_start_9X)
    MotionFX_manager_stop_6X                 0x08011d91   Thumb Code    10  motionfx_manager.o(i.MotionFX_manager_stop_6X)
    MotionFX_manager_stop_9X                 0x08011d9b   Thumb Code    10  motionfx_manager.o(i.MotionFX_manager_stop_9X)
    NMI_Handler                              0x08011da5   Thumb Code     2  stm32f4xx_it.o(i.NMI_Handler)
    RTC_Bcd2ToByte                           0x08011e09   Thumb Code    22  stm32f4xx_hal_rtc.o(i.RTC_Bcd2ToByte)
    RTC_ByteToBcd2                           0x08011e1f   Thumb Code    26  stm32f4xx_hal_rtc.o(i.RTC_ByteToBcd2)
    RTC_DateRegulate                         0x08011eb5   Thumb Code    44  main.o(i.RTC_DateRegulate)
    RTC_EnterInitMode                        0x08011ee5   Thumb Code    62  stm32f4xx_hal_rtc.o(i.RTC_EnterInitMode)
    RTC_TimeRegulate                         0x08011f7d   Thumb Code    54  main.o(i.RTC_TimeRegulate)
    ReverseByteStuffCopyByte2                0x0801212d   Thumb Code    38  serial_protocol.o(i.ReverseByteStuffCopyByte2)
    Serialize_s32                            0x08012153   Thumb Code    26  serial_protocol.o(i.Serialize_s32)
    SysTick_Handler                          0x0801216d   Thumb Code     8  stm32f4xx_it.o(i.SysTick_Handler)
    SystemClock_Config                       0x08012175   Thumb Code   178  cube_hal_f4.o(i.SystemClock_Config)
    SystemInit                               0x08012231   Thumb Code    82  system_stm32f4xx.o(i.SystemInit)
    TIM3_IRQHandler                          0x08012295   Thumb Code    10  stm32f4xx_it.o(i.TIM3_IRQHandler)
    TIM_Base_SetConfig                       0x080122a5   Thumb Code   134  stm32f4xx_hal_tim.o(i.TIM_Base_SetConfig)
    TIM_ETR_SetConfig                        0x08012349   Thumb Code    22  stm32f4xx_hal_tim.o(i.TIM_ETR_SetConfig)
    UART_ReceivedMSG                         0x080124c1   Thumb Code   256  com.o(i.UART_ReceivedMSG)
    UART_SendMsg                             0x080125cd   Thumb Code    36  com.o(i.UART_SendMsg)
    USARTConfig                              0x080129cd   Thumb Code   252  com.o(i.USARTConfig)
    USART_DMA_Configuration                  0x08012ae1   Thumb Code    32  com.o(i.USART_DMA_Configuration)
    __ARM_fpclassify                         0x08012c29   Thumb Code    48  fpclassify.o(i.__ARM_fpclassify)
    __ARM_fpclassifyf                        0x08012c59   Thumb Code    38  fpclassifyf.o(i.__ARM_fpclassifyf)
    __hardfp_acosf                           0x08012c81   Thumb Code   234  acosf.o(i.__hardfp_acosf)
    __hardfp_asin                            0x08012d99   Thumb Code   770  asin.o(i.__hardfp_asin)
    __hardfp_atan                            0x080130f9   Thumb Code   622  atan.o(i.__hardfp_atan)
    __hardfp_atan2                           0x080133d1   Thumb Code   432  atan2.o(i.__hardfp_atan2)
    __hardfp_cosf                            0x080135c1   Thumb Code   280  cosf.o(i.__hardfp_cosf)
    __hardfp_floor                           0x08013711   Thumb Code   252  floor.o(i.__hardfp_floor)
    __hardfp_roundf                          0x08013829   Thumb Code   154  roundf.o(i.__hardfp_roundf)
    __hardfp_sinf                            0x080138c5   Thumb Code   344  sinf.o(i.__hardfp_sinf)
    __hardfp_tanf                            0x08013a55   Thumb Code   322  tanf.o(i.__hardfp_tanf)
    __kernel_poly                            0x08013bd1   Thumb Code   248  poly.o(i.__kernel_poly)
    __mathlib_dbl_infnan                     0x08013cc9   Thumb Code    20  dunder.o(i.__mathlib_dbl_infnan)
    __mathlib_dbl_infnan2                    0x08013cdd   Thumb Code    20  dunder.o(i.__mathlib_dbl_infnan2)
    __mathlib_dbl_invalid                    0x08013cf1   Thumb Code    24  dunder.o(i.__mathlib_dbl_invalid)
    __mathlib_dbl_underflow                  0x08013d11   Thumb Code    24  dunder.o(i.__mathlib_dbl_underflow)
    __mathlib_flt_infnan                     0x08013d31   Thumb Code     6  funder.o(i.__mathlib_flt_infnan)
    __mathlib_flt_invalid                    0x08013d39   Thumb Code    10  funder.o(i.__mathlib_flt_invalid)
    __mathlib_flt_underflow                  0x08013d49   Thumb Code    10  funder.o(i.__mathlib_flt_underflow)
    __mathlib_rredf2                         0x08013d59   Thumb Code   316  rredf.o(i.__mathlib_rredf2)
    __scatterload_copy                       0x08013ead   Thumb Code    14  handlers.o(i.__scatterload_copy)
    __scatterload_null                       0x08013ebb   Thumb Code     2  handlers.o(i.__scatterload_null)
    __scatterload_zeroinit                   0x08013ebd   Thumb Code    14  handlers.o(i.__scatterload_zeroinit)
    __set_errno                              0x08013ecd   Thumb Code     6  errno.o(i.__set_errno)
    acosf                                    0x08013ed9   Thumb Code    16  acosf.o(i.acosf)
    asin                                     0x08013ee9   Thumb Code    16  asin.o(i.asin)
    atan                                     0x08013ef9   Thumb Code    16  atan.o(i.atan)
    atan2                                    0x08013f09   Thumb Code    20  atan2.o(i.atan2)
    cosf                                     0x08013f1d   Thumb Code    16  cosf.o(i.cosf)
    fabs                                     0x08013f2d   Thumb Code    24  fabs.o(i.fabs)
    floor                                    0x08013f45   Thumb Code    16  floor.o(i.floor)
    hts221_block_data_update_set             0x08013f55   Thumb Code    50  hts221_reg.o(i.hts221_block_data_update_set)
    hts221_data_rate_get                     0x08013f87   Thumb Code    80  hts221_reg.o(i.hts221_data_rate_get)
    hts221_data_rate_set                     0x08013fd7   Thumb Code    50  hts221_reg.o(i.hts221_data_rate_set)
    hts221_device_id_get                     0x08014009   Thumb Code    24  hts221_reg.o(i.hts221_device_id_get)
    hts221_hum_adc_point_0_get               0x08014021   Thumb Code    24  hts221_reg.o(i.hts221_hum_adc_point_0_get)
    hts221_hum_adc_point_1_get               0x08014039   Thumb Code    24  hts221_reg.o(i.hts221_hum_adc_point_1_get)
    hts221_hum_rh_point_0_get                0x08014051   Thumb Code    30  hts221_reg.o(i.hts221_hum_rh_point_0_get)
    hts221_hum_rh_point_1_get                0x0801406f   Thumb Code    30  hts221_reg.o(i.hts221_hum_rh_point_1_get)
    hts221_humidity_raw_get                  0x0801408d   Thumb Code    24  hts221_reg.o(i.hts221_humidity_raw_get)
    hts221_power_on_set                      0x080140a5   Thumb Code    50  hts221_reg.o(i.hts221_power_on_set)
    hts221_read_reg                          0x080140d7   Thumb Code    32  hts221_reg.o(i.hts221_read_reg)
    hts221_temp_adc_point_0_get              0x080140f7   Thumb Code    24  hts221_reg.o(i.hts221_temp_adc_point_0_get)
    hts221_temp_adc_point_1_get              0x0801410f   Thumb Code    24  hts221_reg.o(i.hts221_temp_adc_point_1_get)
    hts221_temp_deg_point_0_get              0x08014127   Thumb Code    64  hts221_reg.o(i.hts221_temp_deg_point_0_get)
    hts221_temp_deg_point_1_get              0x08014167   Thumb Code    64  hts221_reg.o(i.hts221_temp_deg_point_1_get)
    hts221_temperature_raw_get               0x080141a7   Thumb Code    24  hts221_reg.o(i.hts221_temperature_raw_get)
    hts221_write_reg                         0x080141bf   Thumb Code    34  hts221_reg.o(i.hts221_write_reg)
    init_LSM9DS1_I2C                         0x080141e1   Thumb Code   452  lsm9ds1.o(i.init_LSM9DS1_I2C)
    lps22hb_auto_add_inc_set                 0x080143ad   Thumb Code    50  lps22hb_reg.o(i.lps22hb_auto_add_inc_set)
    lps22hb_block_data_update_set            0x080143df   Thumb Code    50  lps22hb_reg.o(i.lps22hb_block_data_update_set)
    lps22hb_data_rate_get                    0x08014411   Thumb Code    90  lps22hb_reg.o(i.lps22hb_data_rate_get)
    lps22hb_data_rate_set                    0x0801446b   Thumb Code    50  lps22hb_reg.o(i.lps22hb_data_rate_set)
    lps22hb_device_id_get                    0x0801449d   Thumb Code    24  lps22hb_reg.o(i.lps22hb_device_id_get)
    lps22hb_from_lsb_to_degc                 0x080144b5   Thumb Code    18  lps22hb_reg.o(i.lps22hb_from_lsb_to_degc)
    lps22hb_from_lsb_to_hpa                  0x080144cd   Thumb Code    18  lps22hb_reg.o(i.lps22hb_from_lsb_to_hpa)
    lps22hb_low_pass_filter_mode_set         0x080144e5   Thumb Code    50  lps22hb_reg.o(i.lps22hb_low_pass_filter_mode_set)
    lps22hb_low_power_set                    0x08014517   Thumb Code    50  lps22hb_reg.o(i.lps22hb_low_power_set)
    lps22hb_pressure_raw_get                 0x08014549   Thumb Code    24  lps22hb_reg.o(i.lps22hb_pressure_raw_get)
    lps22hb_read_reg                         0x08014561   Thumb Code    32  lps22hb_reg.o(i.lps22hb_read_reg)
    lps22hb_temperature_raw_get              0x08014581   Thumb Code    24  lps22hb_reg.o(i.lps22hb_temperature_raw_get)
    lps22hb_write_reg                        0x08014599   Thumb Code    34  lps22hb_reg.o(i.lps22hb_write_reg)
    lsm303agr_acceleration_raw_get           0x080145bb   Thumb Code    24  lsm303agr_reg.o(i.lsm303agr_acceleration_raw_get)
    lsm303agr_mag_block_data_update_set      0x080145d3   Thumb Code    50  lsm303agr_reg.o(i.lsm303agr_mag_block_data_update_set)
    lsm303agr_mag_data_rate_get              0x08014605   Thumb Code    80  lsm303agr_reg.o(i.lsm303agr_mag_data_rate_get)
    lsm303agr_mag_data_rate_set              0x08014655   Thumb Code    50  lsm303agr_reg.o(i.lsm303agr_mag_data_rate_set)
    lsm303agr_mag_device_id_get              0x08014687   Thumb Code    24  lsm303agr_reg.o(i.lsm303agr_mag_device_id_get)
    lsm303agr_mag_i2c_interface_set          0x0801469f   Thumb Code    50  lsm303agr_reg.o(i.lsm303agr_mag_i2c_interface_set)
    lsm303agr_mag_operating_mode_set         0x080146d1   Thumb Code    50  lsm303agr_reg.o(i.lsm303agr_mag_operating_mode_set)
    lsm303agr_mag_self_test_set              0x08014703   Thumb Code    50  lsm303agr_reg.o(i.lsm303agr_mag_self_test_set)
    lsm303agr_magnetic_raw_get               0x08014735   Thumb Code    24  lsm303agr_reg.o(i.lsm303agr_magnetic_raw_get)
    lsm303agr_read_reg                       0x0801474d   Thumb Code    32  lsm303agr_reg.o(i.lsm303agr_read_reg)
    lsm303agr_write_reg                      0x0801476d   Thumb Code    34  lsm303agr_reg.o(i.lsm303agr_write_reg)
    lsm303agr_xl_block_data_update_set       0x0801478f   Thumb Code    50  lsm303agr_reg.o(i.lsm303agr_xl_block_data_update_set)
    lsm303agr_xl_data_rate_get               0x080147c1   Thumb Code   116  lsm303agr_reg.o(i.lsm303agr_xl_data_rate_get)
    lsm303agr_xl_data_rate_set               0x08014835   Thumb Code    50  lsm303agr_reg.o(i.lsm303agr_xl_data_rate_set)
    lsm303agr_xl_device_id_get               0x08014867   Thumb Code    24  lsm303agr_reg.o(i.lsm303agr_xl_device_id_get)
    lsm303agr_xl_fifo_mode_set               0x0801487f   Thumb Code    50  lsm303agr_reg.o(i.lsm303agr_xl_fifo_mode_set)
    lsm303agr_xl_full_scale_get              0x080148b1   Thumb Code    80  lsm303agr_reg.o(i.lsm303agr_xl_full_scale_get)
    lsm303agr_xl_full_scale_set              0x08014901   Thumb Code    50  lsm303agr_reg.o(i.lsm303agr_xl_full_scale_set)
    lsm303agr_xl_operating_mode_get          0x08014933   Thumb Code    76  lsm303agr_reg.o(i.lsm303agr_xl_operating_mode_get)
    lsm6dsl_acceleration_raw_get             0x0801497f   Thumb Code    24  lsm6dsl_reg.o(i.lsm6dsl_acceleration_raw_get)
    lsm6dsl_angular_rate_raw_get             0x08014997   Thumb Code    24  lsm6dsl_reg.o(i.lsm6dsl_angular_rate_raw_get)
    lsm6dsl_auto_increment_set               0x080149af   Thumb Code    50  lsm6dsl_reg.o(i.lsm6dsl_auto_increment_set)
    lsm6dsl_block_data_update_set            0x080149e1   Thumb Code    50  lsm6dsl_reg.o(i.lsm6dsl_block_data_update_set)
    lsm6dsl_device_id_get                    0x08014a13   Thumb Code    24  lsm6dsl_reg.o(i.lsm6dsl_device_id_get)
    lsm6dsl_fifo_mode_set                    0x08014a2b   Thumb Code    50  lsm6dsl_reg.o(i.lsm6dsl_fifo_mode_set)
    lsm6dsl_gy_data_rate_get                 0x08014a5d   Thumb Code   124  lsm6dsl_reg.o(i.lsm6dsl_gy_data_rate_get)
    lsm6dsl_gy_data_rate_set                 0x08014ad9   Thumb Code    50  lsm6dsl_reg.o(i.lsm6dsl_gy_data_rate_set)
    lsm6dsl_gy_full_scale_get                0x08014b0b   Thumb Code    86  lsm6dsl_reg.o(i.lsm6dsl_gy_full_scale_get)
    lsm6dsl_gy_full_scale_set                0x08014b61   Thumb Code    50  lsm6dsl_reg.o(i.lsm6dsl_gy_full_scale_set)
    lsm6dsl_read_reg                         0x08014b93   Thumb Code    32  lsm6dsl_reg.o(i.lsm6dsl_read_reg)
    lsm6dsl_write_reg                        0x08014bb3   Thumb Code    34  lsm6dsl_reg.o(i.lsm6dsl_write_reg)
    lsm6dsl_xl_data_rate_get                 0x08014bd5   Thumb Code   130  lsm6dsl_reg.o(i.lsm6dsl_xl_data_rate_get)
    lsm6dsl_xl_data_rate_set                 0x08014c57   Thumb Code    50  lsm6dsl_reg.o(i.lsm6dsl_xl_data_rate_set)
    lsm6dsl_xl_full_scale_get                0x08014c89   Thumb Code    80  lsm6dsl_reg.o(i.lsm6dsl_xl_full_scale_get)
    lsm6dsl_xl_full_scale_set                0x08014cd9   Thumb Code    50  lsm6dsl_reg.o(i.lsm6dsl_xl_full_scale_set)
    main                                     0x08014d0d   Thumb Code   344  main.o(i.main)
    roundf                                   0x08014e79   Thumb Code    16  roundf.o(i.roundf)
    sinf                                     0x08014e89   Thumb Code    16  sinf.o(i.sinf)
    sqrt                                     0x08014e99   Thumb Code   110  sqrt.o(i.sqrt)
    sqrtf                                    0x08014f07   Thumb Code    62  sqrtf.o(i.sqrtf)
    tanf                                     0x08014f45   Thumb Code    16  tanf.o(i.tanf)
    GPIO_PIN                                 0x08014f54   Data           2  stm32f4xx_nucleo.o(.constdata)
    BUTTON_PIN                               0x08014f56   Data           2  stm32f4xx_nucleo.o(.constdata)
    BUTTON_IRQn                              0x08014f58   Data           1  stm32f4xx_nucleo.o(.constdata)
    AHBPrescTable                            0x08014f59   Data          16  system_stm32f4xx.o(.constdata)
    APBPrescTable                            0x08014f69   Data           8  system_stm32f4xx.o(.constdata)
    __mathlib_zero                           0x08015068   Data           8  qnan.o(.constdata)
    Region$$Table$$Base                      0x0801524c   Number         0  anon$$obj.o(Region$$Table)
    Region$$Table$$Limit                     0x0801526c   Number         0  anon$$obj.o(Region$$Table)
    HTS221_COMMON_Driver                     0x20000000   Data          16  hts221.o(.data)
    HTS221_HUM_Driver                        0x20000010   Data          20  hts221.o(.data)
    HTS221_TEMP_Driver                       0x20000024   Data          20  hts221.o(.data)
    LPS22HB_COMMON_Driver                    0x20000038   Data          16  lps22hb.o(.data)
    LPS22HB_PRESS_Driver                     0x20000048   Data          20  lps22hb.o(.data)
    LPS22HB_TEMP_Driver                      0x2000005c   Data          20  lps22hb.o(.data)
    LSM6DSL_COMMON_Driver                    0x20000070   Data          16  lsm6dsl.o(.data)
    LSM6DSL_ACC_Driver                       0x20000080   Data          36  lsm6dsl.o(.data)
    LSM6DSL_GYRO_Driver                      0x200000a4   Data          36  lsm6dsl.o(.data)
    LSM303AGR_ACC_COMMON_Driver              0x200000c8   Data          16  lsm303agr.o(.data)
    LSM303AGR_ACC_Driver                     0x200000d8   Data          36  lsm303agr.o(.data)
    LSM303AGR_MAG_COMMON_Driver              0x200000fc   Data          16  lsm303agr.o(.data)
    LSM303AGR_MAG_Driver                     0x2000010c   Data          36  lsm303agr.o(.data)
    GPIO_PORT                                0x20000130   Data           4  stm32f4xx_nucleo.o(.data)
    BUTTON_PORT                              0x20000134   Data           4  stm32f4xx_nucleo.o(.data)
    SpixTimeout                              0x20000138   Data           4  stm32f4xx_nucleo.o(.data)
    EnvCompObj                               0x2000013c   Data           8  iks01a2_env_sensors.o(.data)
    SystemCoreClock                          0x2000017c   Data           4  system_stm32f4xx.o(.data)
    Enabled6X                                0x20000180   Data           1  demoserial.o(.data)
    UsartBaudRate                            0x200001ac   Data           4  com.o(.data)
    UartEngine                               0x200001b0   Data           8  com.o(.data)
    DataLoggerActive                         0x200001b8   Data           1  main.o(.data)
    SensorsEnabled                           0x200001bc   Data           4  main.o(.data)
    status                                   0x200001c0   Data           1  main.o(.data)
    UseLSI                                   0x200001d4   Data           4  stm32f4xx_hal_msp.o(.data)
    uwTick                                   0x200001e4   Data           4  stm32f4xx_hal.o(.data)
    uwTickPrio                               0x200001e8   Data           4  stm32f4xx_hal.o(.data)
    uwTickFreq                               0x200001ec   Data           1  stm32f4xx_hal.o(.data)
    MotionCompObj                            0x20001424   Data          12  iks01a2_motion_sensors.o(.bss)
    UartRxBuffer                             0x200014f4   Data         512  com.o(.bss)
    UartHandle                               0x200016f4   Data          64  com.o(.bss)
    AlgoTimHandle                            0x20001994   Data          64  main.o(.bss)
    hbusi2c1                                 0x20001a60   Data          84  nucleo_f401re_bus.o(.bss)
    hi2c3                                    0x20001ab4   Data          84  i2c.o(.bss)
    __initial_sp                             0x2000a8f8   Data           0  startup_stm32f401xe.o(STACK)



==============================================================================

Memory Map of the image

  Image Entry point : 0x08000195

  Load Region LR_IROM1 (Base: 0x08000000, Size: 0x00016620, Max: 0x00100000, ABSOLUTE, COMPRESSED[0x00015430])

    Execution Region ER_IROM1 (Exec base: 0x08000000, Load base: 0x08000000, Size: 0x0001526c, Max: 0x00100000, ABSOLUTE)

    Exec Addr    Load Addr    Size         Type   Attr      Idx    E Section Name        Object

    0x08000000   0x08000000   0x00000194   Data   RO         5484    RESET               startup_stm32f401xe.o
    0x08000194   0x08000194   0x00000000   Code   RO        10386  * .ARM.Collect$$$$00000000  mc_w.l(entry.o)
    0x08000194   0x08000194   0x00000004   Code   RO        10499    .ARM.Collect$$$$00000001  mc_w.l(entry2.o)
    0x08000198   0x08000198   0x00000004   Code   RO        10502    .ARM.Collect$$$$00000004  mc_w.l(entry5.o)
    0x0800019c   0x0800019c   0x00000000   Code   RO        10504    .ARM.Collect$$$$00000008  mc_w.l(entry7b.o)
    0x0800019c   0x0800019c   0x00000000   Code   RO        10506    .ARM.Collect$$$$0000000A  mc_w.l(entry8b.o)
    0x0800019c   0x0800019c   0x00000008   Code   RO        10507    .ARM.Collect$$$$0000000B  mc_w.l(entry9a.o)
    0x080001a4   0x080001a4   0x00000000   Code   RO        10509    .ARM.Collect$$$$0000000D  mc_w.l(entry10a.o)
    0x080001a4   0x080001a4   0x00000000   Code   RO        10511    .ARM.Collect$$$$0000000F  mc_w.l(entry11a.o)
    0x080001a4   0x080001a4   0x00000004   Code   RO        10500    .ARM.Collect$$$$00002712  mc_w.l(entry2.o)
    0x080001a8   0x080001a8   0x00000024   Code   RO         5485    .text               startup_stm32f401xe.o
    0x080001cc   0x080001cc   0x00000062   Code   RO        10389    .text               mc_w.l(uldiv.o)
    0x0800022e   0x0800022e   0x00000028   Code   RO        10391    .text               mc_w.l(memcpy.o)
    0x08000256   0x08000256   0x00000024   Code   RO        10397    .text               mc_w.l(memseta.o)
    0x0800027a   0x0800027a   0x00000012   Code   RO        10399    .text               mc_w.l(strcpy.o)
    0x0800028c   0x0800028c   0x0000014e   Code   RO        10405    .text               mf_w.l(dadd.o)
    0x080003da   0x080003da   0x000000e4   Code   RO        10407    .text               mf_w.l(dmul.o)
    0x080004be   0x080004be   0x000000de   Code   RO        10409    .text               mf_w.l(ddiv.o)
    0x0800059c   0x0800059c   0x00000036   Code   RO        10411    .text               mf_w.l(dcmple.o)
    0x080005d2   0x080005d2   0x00000036   Code   RO        10413    .text               mf_w.l(dcmplt.o)
    0x08000608   0x08000608   0x00000036   Code   RO        10415    .text               mf_w.l(dcmpge.o)
    0x0800063e   0x0800063e   0x00000036   Code   RO        10417    .text               mf_w.l(dcmpgt.o)
    0x08000674   0x08000674   0x00000038   Code   RO        10419    .text               mf_w.l(dcmpeq.o)
    0x080006ac   0x080006ac   0x0000001a   Code   RO        10421    .text               mf_w.l(dfltui.o)
    0x080006c6   0x080006c6   0x0000003e   Code   RO        10423    .text               mf_w.l(dfixi.o)
    0x08000704   0x08000704   0x00000026   Code   RO        10425    .text               mf_w.l(f2d.o)
    0x0800072a   0x0800072a   0x00000038   Code   RO        10427    .text               mf_w.l(d2f.o)
    0x08000762   0x08000762   0x0000001e   Code   RO        10513    .text               mc_w.l(llshl.o)
    0x08000780   0x08000780   0x00000020   Code   RO        10515    .text               mc_w.l(llushr.o)
    0x080007a0   0x080007a0   0x00000024   Code   RO        10517    .text               mc_w.l(llsshr.o)
    0x080007c4   0x080007c4   0x00000000   Code   RO        10526    .text               mc_w.l(iusefp.o)
    0x080007c4   0x080007c4   0x0000006e   Code   RO        10527    .text               mf_w.l(fepilogue.o)
    0x08000832   0x08000832   0x0000003c   Code   RO        10529    .text               mf_w.l(frnd.o)
    0x0800086e   0x0800086e   0x000000ba   Code   RO        10531    .text               mf_w.l(depilogue.o)
    0x08000928   0x08000928   0x000000a2   Code   RO        10535    .text               mf_w.l(dsqrt.o)
    0x080009ca   0x080009ca   0x00000002   PAD
    0x080009cc   0x080009cc   0x00000030   Code   RO        10539    .text               mf_w.l(cdrcmple.o)
    0x080009fc   0x080009fc   0x00000024   Code   RO        10541    .text               mc_w.l(init.o)
    0x08000a20   0x08000a20   0x00000056   Code   RO        10551    .text               mc_w.l(__dczerorl2.o)
    0x08000a76   0x08000a76   0x00000002   PAD
    0x08000a78   0x08000a78   0x00000080   Code   RO        10258    .text.MEMSLoadMagCalNVM  MotionFX_CM4F_wc16_ot.a(motion_fx.o)
    0x08000af8   0x08000af8   0x00000054   Code   RO        10260    .text.MEMSSaveMagCalNVM  MotionFX_CM4F_wc16_ot.a(motion_fx.o)
    0x08000b4c   0x08000b4c   0x00000018   Code   RO        10249    .text.MEMS_DataBuffInit  MotionFX_CM4F_wc16_ot.a(motion_fx.o)
    0x08000b64   0x08000b64   0x00000008   Code   RO        10248    .text.MEMS_EmptyDataFrame  MotionFX_CM4F_wc16_ot.a(motion_fx.o)
    0x08000b6c   0x08000b6c   0x00000074   Code   RO        10250    .text.MEMS_checkTimeToRun  MotionFX_CM4F_wc16_ot.a(motion_fx.o)
    0x08000be0   0x08000be0   0x000000d4   Code   RO        10252    .text.MEMS_getSensorData_I16  MotionFX_CM4F_wc16_ot.a(motion_fx.o)
    0x08000cb4   0x08000cb4   0x000026ac   Code   RO        10268    .text.MEMS_runMagCal.constprop.14  MotionFX_CM4F_wc16_ot.a(motion_fx.o)
    0x08003360   0x08003360   0x0000026c   Code   RO        10265    .text.MEMS_updateMagBufferIndex.constprop.24  MotionFX_CM4F_wc16_ot.a(motion_fx.o)
    0x080035cc   0x080035cc   0x00000004   Code   RO        10257    .text.MEMSloadFromNVM.isra.10  MotionFX_CM4F_wc16_ot.a(motion_fx.o)
    0x080035d0   0x080035d0   0x00000004   Code   RO        10259    .text.MEMSsaveInNVM.isra.11  MotionFX_CM4F_wc16_ot.a(motion_fx.o)
    0x080035d4   0x080035d4   0x0000004c   Code   RO        10288    .text.MotionFX_GetLibVersion  MotionFX_CM4F_wc16_ot.a(motion_fx.o)
    0x08003620   0x08003620   0x00000060   Code   RO        10287    .text.MotionFX_MagCal_getParams  MotionFX_CM4F_wc16_ot.a(motion_fx.o)
    0x08003680   0x08003680   0x00000160   Code   RO        10285    .text.MotionFX_MagCal_init  MotionFX_CM4F_wc16_ot.a(motion_fx.o)
    0x080037e0   0x080037e0   0x0000014c   Code   RO        10286    .text.MotionFX_MagCal_run  MotionFX_CM4F_wc16_ot.a(motion_fx.o)
    0x0800392c   0x0800392c   0x00000040   Code   RO        10279    .text.MotionFX_enable_6X  MotionFX_CM4F_wc16_ot.a(motion_fx.o)
    0x0800396c   0x0800396c   0x00000044   Code   RO        10280    .text.MotionFX_enable_9X  MotionFX_CM4F_wc16_ot.a(motion_fx.o)
    0x080039b0   0x080039b0   0x000000ac   Code   RO        10276    .text.MotionFX_getKnobs  MotionFX_CM4F_wc16_ot.a(motion_fx.o)
    0x08003a5c   0x08003a5c   0x00000004   PAD
    0x08003a60   0x08003a60   0x00000444   Code   RO        10274    .text.MotionFX_initialize  MotionFX_CM4F_wc16_ot.a(motion_fx.o)
    0x08003ea4   0x08003ea4   0x00000004   PAD
    0x08003ea8   0x08003ea8   0x00000aec   Code   RO        10284    .text.MotionFX_propagate  MotionFX_CM4F_wc16_ot.a(motion_fx.o)
    0x08004994   0x08004994   0x000000c8   Code   RO        10275    .text.MotionFX_setKnobs  MotionFX_CM4F_wc16_ot.a(motion_fx.o)
    0x08004a5c   0x08004a5c   0x00000384   Code   RO        10283    .text.MotionFX_update  MotionFX_CM4F_wc16_ot.a(motion_fx.o)
    0x08004de0   0x08004de0   0x000003e8   Code   RO        10270    .text.SpacePointAlgorithm.isra.7  MotionFX_CM4F_wc16_ot.a(motion_fx.o)
    0x080051c8   0x080051c8   0x00000110   Code   RO        10254    .text.SpacePointGyroProp  MotionFX_CM4F_wc16_ot.a(motion_fx.o)
    0x080052d8   0x080052d8   0x000001e4   Code   RO        10264    .text.getMagStats.constprop.26  MotionFX_CM4F_wc16_ot.a(motion_fx.o)
    0x080054bc   0x080054bc   0x00000004   PAD
    0x080054c0   0x080054c0   0x00000520   Code   RO        10266    .text.iNemo_quat2heading  MotionFX_CM4F_wc16_ot.a(motion_fx.o)
    0x080059e0   0x080059e0   0x000003b0   Code   RO        10262    .text.iNemo_setOrientation.constprop.40  MotionFX_CM4F_wc16_ot.a(motion_fx.o)
    0x08005d90   0x08005d90   0x000003b0   Code   RO        10263    .text.iNemo_setOrientation_6X.constprop.41  MotionFX_CM4F_wc16_ot.a(motion_fx.o)
    0x08006140   0x08006140   0x00000520   Code   RO        10272    .text.iNemo_update.constprop.35  MotionFX_CM4F_wc16_ot.a(motion_fx.o)
    0x08006660   0x08006660   0x000003fc   Code   RO        10271    .text.iNemo_update_6X.constprop.34  MotionFX_CM4F_wc16_ot.a(motion_fx.o)
    0x08006a5c   0x08006a5c   0x000001b0   Code   RO        10253    .text.m_dcm2q_eml   MotionFX_CM4F_wc16_ot.a(motion_fx.o)
    0x08006c0c   0x08006c0c   0x00000004   PAD
    0x08006c10   0x08006c10   0x00003f7c   Code   RO        10269    .text.m_kalman_3gyro.isra.6.constprop.36  MotionFX_CM4F_wc16_ot.a(motion_fx.o)
    0x0800ab8c   0x0800ab8c   0x0000037c   Code   RO        10245    .text.m_mldivide    MotionFX_CM4F_wc16_ot.a(motion_fx.o)
    0x0800af08   0x0800af08   0x000000d4   Code   RO        10247    .text.m_q2dcm_eml   MotionFX_CM4F_wc16_ot.a(motion_fx.o)
    0x0800afdc   0x0800afdc   0x00000080   Code   RO        10246    .text.m_qmult_eml   MotionFX_CM4F_wc16_ot.a(motion_fx.o)
    0x0800b05c   0x0800b05c   0x000004e8   Code   RO        10267    .text.output_update  MotionFX_CM4F_wc16_ot.a(motion_fx.o)
    0x0800b544   0x0800b544   0x000001f8   Code   RO        10255    .text.quatErr2EulerErr  MotionFX_CM4F_wc16_ot.a(motion_fx.o)
    0x0800b73c   0x0800b73c   0x00000020   Code   RO        10256    .text.rt_InitInfAndNaN.isra.3  MotionFX_CM4F_wc16_ot.a(motion_fx.o)
    0x0800b75c   0x0800b75c   0x000000ac   Code   RO        10261    .text.unlikely.llEvaluate.constprop.23  MotionFX_CM4F_wc16_ot.a(motion_fx.o)
    0x0800b808   0x0800b808   0x000000c4   Code   RO        10251    .text.updateProcBuffer_Temp  MotionFX_CM4F_wc16_ot.a(motion_fx.o)
    0x0800b8cc   0x0800b8cc   0x000000ec   Code   RO         5629    i.Accelero_Sensor_Handler  main.o
    0x0800b9b8   0x0800b9b8   0x00000008   Code   RO         6161    i.BSP_GetTick       nucleo_f401re_bus.o
    0x0800b9c0   0x0800b9c0   0x00000020   Code   RO         6162    i.BSP_I2C1_DeInit   nucleo_f401re_bus.o
    0x0800b9e0   0x0800b9e0   0x00000044   Code   RO         6163    i.BSP_I2C1_Init     nucleo_f401re_bus.o
    0x0800ba24   0x0800ba24   0x00000038   Code   RO         6165    i.BSP_I2C1_ReadReg  nucleo_f401re_bus.o
    0x0800ba5c   0x0800ba5c   0x00000038   Code   RO         6170    i.BSP_I2C1_WriteReg  nucleo_f401re_bus.o
    0x0800ba94   0x0800ba94   0x00000068   Code   RO         4426    i.BSP_LED_Init      stm32f4xx_nucleo.o
    0x0800bafc   0x0800bafc   0x00000020   Code   RO         4427    i.BSP_LED_Off       stm32f4xx_nucleo.o
    0x0800bb1c   0x0800bb1c   0x00000020   Code   RO         4428    i.BSP_LED_On        stm32f4xx_nucleo.o
    0x0800bb3c   0x0800bb3c   0x00000020   Code   RO         4431    i.BSP_PB_GetState   stm32f4xx_nucleo.o
    0x0800bb5c   0x0800bb5c   0x00000098   Code   RO         4432    i.BSP_PB_Init       stm32f4xx_nucleo.o
    0x0800bbf4   0x0800bbf4   0x00000010   Code   RO         5492    i.BUILD_REPLY_HEADER  demoserial.o
    0x0800bc04   0x0800bc04   0x0000002a   Code   RO         5945    i.ByteStuffCopy     serial_protocol.o
    0x0800bc2e   0x0800bc2e   0x0000002a   Code   RO         5946    i.ByteStuffCopyByte  serial_protocol.o
    0x0800bc58   0x0800bc58   0x00000028   Code   RO         5947    i.CHK_CheckAndRemove  serial_protocol.o
    0x0800bc80   0x0800bc80   0x00000022   Code   RO         5948    i.CHK_ComputeAndAdd  serial_protocol.o
    0x0800bca2   0x0800bca2   0x00000002   PAD
    0x0800bca4   0x0800bca4   0x00000038   Code   RO         5848    i.Config_DMA_Handler  cube_hal_f4.o
    0x0800bcdc   0x0800bcdc   0x00000034   Code   RO         6699    i.DMA_CalcBaseAndBitshift  stm32f4xx_hal_dma.o
    0x0800bd10   0x0800bd10   0x000000aa   Code   RO         6700    i.DMA_CheckFifoParam  stm32f4xx_hal_dma.o
    0x0800bdba   0x0800bdba   0x0000002c   Code   RO         6701    i.DMA_SetConfig     stm32f4xx_hal_dma.o
    0x0800bde6   0x0800bde6   0x00000002   Code   RO         5890    i.DebugMon_Handler  stm32f4xx_it.o
    0x0800bde8   0x0800bde8   0x0000001a   Code   RO         5949    i.Deserialize       serial_protocol.o
    0x0800be02   0x0800be02   0x0000000c   Code   RO         5891    i.EXTI15_10_IRQHandler  stm32f4xx_it.o
    0x0800be0e   0x0800be0e   0x0000001c   Code   RO         5630    i.Error_Handler     main.o
    0x0800be2a   0x0800be2a   0x00000002   PAD
    0x0800be2c   0x0800be2c   0x000001d4   Code   RO         5631    i.FX_Data_Handler   main.o
    0x0800c000   0x0800c000   0x00000008   Code   RO         5849    i.Get_DMA_Counter   cube_hal_f4.o
    0x0800c008   0x0800c008   0x00000318   Code   RO         5850    i.Get_DMA_Flag_Status  cube_hal_f4.o
    0x0800c320   0x0800c320   0x000000e0   Code   RO         5632    i.Gyro_Sensor_Handler  main.o
    0x0800c400   0x0800c400   0x000000ec   Code   RO         6708    i.HAL_DMA_Init      stm32f4xx_hal_dma.o
    0x0800c4ec   0x0800c4ec   0x0000009e   Code   RO         6712    i.HAL_DMA_Start_IT  stm32f4xx_hal_dma.o
    0x0800c58a   0x0800c58a   0x00000002   PAD
    0x0800c58c   0x0800c58c   0x00000028   Code   RO         6323    i.HAL_Delay         stm32f4xx_hal.o
    0x0800c5b4   0x0800c5b4   0x00000138   Code   RO         7080    i.HAL_GPIO_DeInit   stm32f4xx_hal_gpio.o
    0x0800c6ec   0x0800c6ec   0x00000020   Code   RO         5633    i.HAL_GPIO_EXTI_Callback  main.o
    0x0800c70c   0x0800c70c   0x0000001c   Code   RO         7082    i.HAL_GPIO_EXTI_IRQHandler  stm32f4xx_hal_gpio.o
    0x0800c728   0x0800c728   0x000001d4   Code   RO         7083    i.HAL_GPIO_Init     stm32f4xx_hal_gpio.o
    0x0800c8fc   0x0800c8fc   0x00000010   Code   RO         7085    i.HAL_GPIO_ReadPin  stm32f4xx_hal_gpio.o
    0x0800c90c   0x0800c90c   0x0000000c   Code   RO         7087    i.HAL_GPIO_WritePin  stm32f4xx_hal_gpio.o
    0x0800c918   0x0800c918   0x0000000c   Code   RO         6329    i.HAL_GetTick       stm32f4xx_hal.o
    0x0800c924   0x0800c924   0x0000004c   Code   RO         7608    i.HAL_I2CEx_ConfigAnalogFilter  stm32f4xx_hal_i2c_ex.o
    0x0800c970   0x0800c970   0x0000003c   Code   RO         7148    i.HAL_I2C_DeInit    stm32f4xx_hal_i2c.o
    0x0800c9ac   0x0800c9ac   0x00000008   Code   RO         7156    i.HAL_I2C_GetState  stm32f4xx_hal_i2c.o
    0x0800c9b4   0x0800c9b4   0x000001b8   Code   RO         7157    i.HAL_I2C_Init      stm32f4xx_hal_i2c.o
    0x0800cb6c   0x0800cb6c   0x000002f4   Code   RO         7175    i.HAL_I2C_Mem_Read  stm32f4xx_hal_i2c.o
    0x0800ce60   0x0800ce60   0x00000164   Code   RO         7178    i.HAL_I2C_Mem_Write  stm32f4xx_hal_i2c.o
    0x0800cfc4   0x0800cfc4   0x0000004c   Code   RO         5781    i.HAL_I2C_MspDeInit  stm32f4xx_hal_msp.o
    0x0800d010   0x0800d010   0x0000012c   Code   RO         5782    i.HAL_I2C_MspInit   stm32f4xx_hal_msp.o
    0x0800d13c   0x0800d13c   0x00000018   Code   RO         6335    i.HAL_IncTick       stm32f4xx_hal.o
    0x0800d154   0x0800d154   0x00000030   Code   RO         6336    i.HAL_Init          stm32f4xx_hal.o
    0x0800d184   0x0800d184   0x0000004c   Code   RO         6337    i.HAL_InitTick      stm32f4xx_hal.o
    0x0800d1d0   0x0800d1d0   0x00000002   Code   RO         6339    i.HAL_MspInit       stm32f4xx_hal.o
    0x0800d1d2   0x0800d1d2   0x0000001a   Code   RO         6504    i.HAL_NVIC_EnableIRQ  stm32f4xx_hal_cortex.o
    0x0800d1ec   0x0800d1ec   0x0000007c   Code   RO         6510    i.HAL_NVIC_SetPriority  stm32f4xx_hal_cortex.o
    0x0800d268   0x0800d268   0x00000028   Code   RO         6511    i.HAL_NVIC_SetPriorityGrouping  stm32f4xx_hal_cortex.o
    0x0800d290   0x0800d290   0x0000000c   Code   RO         7645    i.HAL_PWR_EnableBkUpAccess  stm32f4xx_hal_pwr.o
    0x0800d29c   0x0800d29c   0x000001b4   Code   RO         7942    i.HAL_RCCEx_PeriphCLKConfig  stm32f4xx_hal_rcc_ex.o
    0x0800d450   0x0800d450   0x00000180   Code   RO         7837    i.HAL_RCC_ClockConfig  stm32f4xx_hal_rcc.o
    0x0800d5d0   0x0800d5d0   0x0000000c   Code   RO         7842    i.HAL_RCC_GetHCLKFreq  stm32f4xx_hal_rcc.o
    0x0800d5dc   0x0800d5dc   0x00000020   Code   RO         7844    i.HAL_RCC_GetPCLK1Freq  stm32f4xx_hal_rcc.o
    0x0800d5fc   0x0800d5fc   0x00000020   Code   RO         7845    i.HAL_RCC_GetPCLK2Freq  stm32f4xx_hal_rcc.o
    0x0800d61c   0x0800d61c   0x000000b0   Code   RO         7846    i.HAL_RCC_GetSysClockFreq  stm32f4xx_hal_rcc.o
    0x0800d6cc   0x0800d6cc   0x00000448   Code   RO         7849    i.HAL_RCC_OscConfig  stm32f4xx_hal_rcc.o
    0x0800db14   0x0800db14   0x0000004c   Code   RO         7997    i.HAL_RTC_GetDate   stm32f4xx_hal_rtc.o
    0x0800db60   0x0800db60   0x00000060   Code   RO         7999    i.HAL_RTC_GetTime   stm32f4xx_hal_rtc.o
    0x0800dbc0   0x0800dbc0   0x000000d8   Code   RO         8000    i.HAL_RTC_Init      stm32f4xx_hal_rtc.o
    0x0800dc98   0x0800dc98   0x000000b8   Code   RO         5784    i.HAL_RTC_MspInit   stm32f4xx_hal_msp.o
    0x0800dd50   0x0800dd50   0x00000104   Code   RO         8006    i.HAL_RTC_SetDate   stm32f4xx_hal_rtc.o
    0x0800de54   0x0800de54   0x0000012c   Code   RO         8007    i.HAL_RTC_SetTime   stm32f4xx_hal_rtc.o
    0x0800df80   0x0800df80   0x0000003a   Code   RO         8008    i.HAL_RTC_WaitForSynchro  stm32f4xx_hal_rtc.o
    0x0800dfba   0x0800dfba   0x00000034   Code   RO         6515    i.HAL_SYSTICK_Config  stm32f4xx_hal_cortex.o
    0x0800dfee   0x0800dfee   0x00000002   Code   RO         9046    i.HAL_TIMEx_BreakCallback  stm32f4xx_hal_tim_ex.o
    0x0800dff0   0x0800dff0   0x00000002   Code   RO         9047    i.HAL_TIMEx_CommutCallback  stm32f4xx_hal_tim_ex.o
    0x0800dff2   0x0800dff2   0x00000054   Code   RO         9064    i.HAL_TIMEx_MasterConfigSynchronization  stm32f4xx_hal_tim_ex.o
    0x0800e046   0x0800e046   0x00000034   Code   RO         8360    i.HAL_TIM_Base_Init  stm32f4xx_hal_tim.o
    0x0800e07a   0x0800e07a   0x00000002   PAD
    0x0800e07c   0x0800e07c   0x00000048   Code   RO         5786    i.HAL_TIM_Base_MspInit  stm32f4xx_hal_msp.o
    0x0800e0c4   0x0800e0c4   0x0000002a   Code   RO         8365    i.HAL_TIM_Base_Start_IT  stm32f4xx_hal_tim.o
    0x0800e0ee   0x0800e0ee   0x00000038   Code   RO         8368    i.HAL_TIM_Base_Stop_IT  stm32f4xx_hal_tim.o
    0x0800e126   0x0800e126   0x00000108   Code   RO         8369    i.HAL_TIM_ConfigClockSource  stm32f4xx_hal_tim.o
    0x0800e22e   0x0800e22e   0x00000002   Code   RO         8389    i.HAL_TIM_IC_CaptureCallback  stm32f4xx_hal_tim.o
    0x0800e230   0x0800e230   0x00000196   Code   RO         8403    i.HAL_TIM_IRQHandler  stm32f4xx_hal_tim.o
    0x0800e3c6   0x0800e3c6   0x00000002   Code   RO         8406    i.HAL_TIM_OC_DelayElapsedCallback  stm32f4xx_hal_tim.o
    0x0800e3c8   0x0800e3c8   0x00000002   Code   RO         8433    i.HAL_TIM_PWM_PulseFinishedCallback  stm32f4xx_hal_tim.o
    0x0800e3ca   0x0800e3ca   0x00000002   PAD
    0x0800e3cc   0x0800e3cc   0x00000018   Code   RO         5634    i.HAL_TIM_PeriodElapsedCallback  main.o
    0x0800e3e4   0x0800e3e4   0x00000002   Code   RO         8446    i.HAL_TIM_TriggerCallback  stm32f4xx_hal_tim.o
    0x0800e3e6   0x0800e3e6   0x00000002   Code   RO         9318    i.HAL_UART_ErrorCallback  stm32f4xx_hal_uart.o
    0x0800e3e8   0x0800e3e8   0x00000072   Code   RO         9322    i.HAL_UART_Init     stm32f4xx_hal_uart.o
    0x0800e45a   0x0800e45a   0x00000002   Code   RO         9324    i.HAL_UART_MspInit  stm32f4xx_hal_uart.o
    0x0800e45c   0x0800e45c   0x000000c4   Code   RO         9326    i.HAL_UART_Receive_DMA  stm32f4xx_hal_uart.o
    0x0800e520   0x0800e520   0x00000002   Code   RO         9328    i.HAL_UART_RxCpltCallback  stm32f4xx_hal_uart.o
    0x0800e522   0x0800e522   0x00000002   Code   RO         9329    i.HAL_UART_RxHalfCpltCallback  stm32f4xx_hal_uart.o
    0x0800e524   0x0800e524   0x000000d6   Code   RO         9330    i.HAL_UART_Transmit  stm32f4xx_hal_uart.o
    0x0800e5fa   0x0800e5fa   0x00000002   PAD
    0x0800e5fc   0x0800e5fc   0x00000130   Code   RO         4725    i.HTS221_0_Probe    iks01a2_env_sensors.o
    0x0800e72c   0x0800e72c   0x00000032   Code   RO            1    i.HTS221_DeInit     hts221.o
    0x0800e75e   0x0800e75e   0x00000002   PAD
    0x0800e760   0x0800e760   0x00000030   Code   RO            3    i.HTS221_GetCapabilities  hts221.o
    0x0800e790   0x0800e790   0x00000064   Code   RO            4    i.HTS221_GetOutputDataRate  hts221.o
    0x0800e7f4   0x0800e7f4   0x00000030   Code   RO            7    i.HTS221_HUM_Disable  hts221.o
    0x0800e824   0x0800e824   0x00000032   Code   RO            8    i.HTS221_HUM_Enable  hts221.o
    0x0800e856   0x0800e856   0x00000002   PAD
    0x0800e858   0x0800e858   0x00000100   Code   RO            9    i.HTS221_HUM_GetHumidity  hts221.o
    0x0800e958   0x0800e958   0x00000010   Code   RO           10    i.HTS221_HUM_GetOutputDataRate  hts221.o
    0x0800e968   0x0800e968   0x0000001c   Code   RO           12    i.HTS221_HUM_SetOutputDataRate  hts221.o
    0x0800e984   0x0800e984   0x00000022   Code   RO           13    i.HTS221_Init       hts221.o
    0x0800e9a6   0x0800e9a6   0x0000003e   Code   RO           14    i.HTS221_Initialize  hts221.o
    0x0800e9e4   0x0800e9e4   0x0000001c   Code   RO           15    i.HTS221_ReadID     hts221.o
    0x0800ea00   0x0800ea00   0x0000004c   Code   RO           17    i.HTS221_RegisterBusIO  hts221.o
    0x0800ea4c   0x0800ea4c   0x0000004e   Code   RO           18    i.HTS221_SetOutputDataRate  hts221.o
    0x0800ea9a   0x0800ea9a   0x00000030   Code   RO           20    i.HTS221_TEMP_Disable  hts221.o
    0x0800eaca   0x0800eaca   0x00000032   Code   RO           21    i.HTS221_TEMP_Enable  hts221.o
    0x0800eafc   0x0800eafc   0x00000010   Code   RO           22    i.HTS221_TEMP_GetOutputDataRate  hts221.o
    0x0800eb0c   0x0800eb0c   0x000000c6   Code   RO           23    i.HTS221_TEMP_GetTemperature  hts221.o
    0x0800ebd2   0x0800ebd2   0x0000001c   Code   RO           25    i.HTS221_TEMP_SetOutputDataRate  hts221.o
    0x0800ebee   0x0800ebee   0x00000002   PAD
    0x0800ebf0   0x0800ebf0   0x000002e8   Code   RO         5493    i.HandleMSG         demoserial.o
    0x0800eed8   0x0800eed8   0x00000004   Code   RO         5892    i.HardFault_Handler  stm32f4xx_it.o
    0x0800eedc   0x0800eedc   0x00000028   Code   RO         5635    i.Humidity_Sensor_Handler  main.o
    0x0800ef04   0x0800ef04   0x00000024   Code   RO         6172    i.I2C1_MspDeInit    nucleo_f401re_bus.o
    0x0800ef28   0x0800ef28   0x00000050   Code   RO         6173    i.I2C1_MspInit      nucleo_f401re_bus.o
    0x0800ef78   0x0800ef78   0x0000003e   Code   RO         7200    i.I2C_IsAcknowledgeFailed  stm32f4xx_hal_i2c.o
    0x0800efb6   0x0800efb6   0x00000002   PAD
    0x0800efb8   0x0800efb8   0x00000138   Code   RO         7210    i.I2C_RequestMemoryRead  stm32f4xx_hal_i2c.o
    0x0800f0f0   0x0800f0f0   0x000000cc   Code   RO         7211    i.I2C_RequestMemoryWrite  stm32f4xx_hal_i2c.o
    0x0800f1bc   0x0800f1bc   0x0000005c   Code   RO         7219    i.I2C_WaitOnBTFFlagUntilTimeout  stm32f4xx_hal_i2c.o
    0x0800f218   0x0800f218   0x00000086   Code   RO         7220    i.I2C_WaitOnFlagUntilTimeout  stm32f4xx_hal_i2c.o
    0x0800f29e   0x0800f29e   0x000000c4   Code   RO         7221    i.I2C_WaitOnMasterAddressFlagUntilTimeout  stm32f4xx_hal_i2c.o
    0x0800f362   0x0800f362   0x00000080   Code   RO         7222    i.I2C_WaitOnRXNEFlagUntilTimeout  stm32f4xx_hal_i2c.o
    0x0800f3e2   0x0800f3e2   0x0000005c   Code   RO         7224    i.I2C_WaitOnTXEFlagUntilTimeout  stm32f4xx_hal_i2c.o
    0x0800f43e   0x0800f43e   0x00000002   PAD
    0x0800f440   0x0800f440   0x00000060   Code   RO         4727    i.IKS01A2_ENV_SENSOR_Disable  iks01a2_env_sensors.o
    0x0800f4a0   0x0800f4a0   0x00000060   Code   RO         4728    i.IKS01A2_ENV_SENSOR_Enable  iks01a2_env_sensors.o
    0x0800f500   0x0800f500   0x00000068   Code   RO         4731    i.IKS01A2_ENV_SENSOR_GetValue  iks01a2_env_sensors.o
    0x0800f568   0x0800f568   0x00000128   Code   RO         4732    i.IKS01A2_ENV_SENSOR_Init  iks01a2_env_sensors.o
    0x0800f690   0x0800f690   0x00000060   Code   RO         4953    i.IKS01A2_MOTION_SENSOR_Disable  iks01a2_motion_sensors.o
    0x0800f6f0   0x0800f6f0   0x00000060   Code   RO         4954    i.IKS01A2_MOTION_SENSOR_Enable  iks01a2_motion_sensors.o
    0x0800f750   0x0800f750   0x0000017c   Code   RO         4961    i.IKS01A2_MOTION_SENSOR_Init  iks01a2_motion_sensors.o
    0x0800f8cc   0x0800f8cc   0x00000018   Code   RO         5494    i.INIT_STREAMING_HEADER  demoserial.o
    0x0800f8e4   0x0800f8e4   0x00000024   Code   RO         5636    i.Init_Sensors      main.o
    0x0800f908   0x0800f908   0x00000130   Code   RO         4735    i.LPS22HB_0_Probe   iks01a2_env_sensors.o
    0x0800fa38   0x0800fa38   0x00000032   Code   RO          430    i.LPS22HB_DeInit    lps22hb.o
    0x0800fa6a   0x0800fa6a   0x00000002   PAD
    0x0800fa6c   0x0800fa6c   0x00000034   Code   RO          441    i.LPS22HB_GetCapabilities  lps22hb.o
    0x0800faa0   0x0800faa0   0x00000080   Code   RO          442    i.LPS22HB_GetOutputDataRate  lps22hb.o
    0x0800fb20   0x0800fb20   0x00000022   Code   RO          446    i.LPS22HB_Init      lps22hb.o
    0x0800fb42   0x0800fb42   0x0000007e   Code   RO          447    i.LPS22HB_Initialize  lps22hb.o
    0x0800fbc0   0x0800fbc0   0x00000044   Code   RO          448    i.LPS22HB_PRESS_Disable  lps22hb.o
    0x0800fc04   0x0800fc04   0x0000002e   Code   RO          449    i.LPS22HB_PRESS_Enable  lps22hb.o
    0x0800fc32   0x0800fc32   0x00000010   Code   RO          450    i.LPS22HB_PRESS_GetOutputDataRate  lps22hb.o
    0x0800fc42   0x0800fc42   0x0000002a   Code   RO          451    i.LPS22HB_PRESS_GetPressure  lps22hb.o
    0x0800fc6c   0x0800fc6c   0x00000030   Code   RO          453    i.LPS22HB_PRESS_SetOutputDataRate  lps22hb.o
    0x0800fc9c   0x0800fc9c   0x0000001c   Code   RO          454    i.LPS22HB_ReadID    lps22hb.o
    0x0800fcb8   0x0800fcb8   0x00000078   Code   RO          456    i.LPS22HB_RegisterBusIO  lps22hb.o
    0x0800fd30   0x0800fd30   0x00000058   Code   RO          457    i.LPS22HB_SetOutputDataRate_When_Disabled  lps22hb.o
    0x0800fd88   0x0800fd88   0x0000008c   Code   RO          458    i.LPS22HB_SetOutputDataRate_When_Enabled  lps22hb.o
    0x0800fe14   0x0800fe14   0x00000044   Code   RO          460    i.LPS22HB_TEMP_Disable  lps22hb.o
    0x0800fe58   0x0800fe58   0x0000002e   Code   RO          461    i.LPS22HB_TEMP_Enable  lps22hb.o
    0x0800fe86   0x0800fe86   0x00000010   Code   RO          462    i.LPS22HB_TEMP_GetOutputDataRate  lps22hb.o
    0x0800fe96   0x0800fe96   0x0000002c   Code   RO          463    i.LPS22HB_TEMP_GetTemperature  lps22hb.o
    0x0800fec2   0x0800fec2   0x00000030   Code   RO          465    i.LPS22HB_TEMP_SetOutputDataRate  lps22hb.o
    0x0800fef2   0x0800fef2   0x00000020   Code   RO          466    i.LPS22HB_Write_Reg  lps22hb.o
    0x0800ff12   0x0800ff12   0x00000002   PAD
    0x0800ff14   0x0800ff14   0x00000104   Code   RO         4965    i.LSM303AGR_ACC_0_Probe  iks01a2_motion_sensors.o
    0x08010018   0x08010018   0x00000020   Code   RO         3214    i.LSM303AGR_ACC_DeInit  lsm303agr.o
    0x08010038   0x08010038   0x0000003e   Code   RO         3215    i.LSM303AGR_ACC_Disable  lsm303agr.o
    0x08010076   0x08010076   0x0000002e   Code   RO         3216    i.LSM303AGR_ACC_Enable  lsm303agr.o
    0x080100a4   0x080100a4   0x0000008c   Code   RO         3217    i.LSM303AGR_ACC_GetAxes  lsm303agr.o
    0x08010130   0x08010130   0x00000082   Code   RO         3218    i.LSM303AGR_ACC_GetAxesRaw  lsm303agr.o
    0x080101b2   0x080101b2   0x00000002   PAD
    0x080101b4   0x080101b4   0x0000003c   Code   RO         3219    i.LSM303AGR_ACC_GetCapabilities  lsm303agr.o
    0x080101f0   0x080101f0   0x00000050   Code   RO         3220    i.LSM303AGR_ACC_GetFullScale  lsm303agr.o
    0x08010240   0x08010240   0x00000150   Code   RO         3221    i.LSM303AGR_ACC_GetOutputDataRate  lsm303agr.o
    0x08010390   0x08010390   0x0000006a   Code   RO         3222    i.LSM303AGR_ACC_GetSensitivity  lsm303agr.o
    0x080103fa   0x080103fa   0x00000002   PAD
    0x080103fc   0x080103fc   0x00000070   Code   RO         3223    i.LSM303AGR_ACC_GetSensitivityHR  lsm303agr.o
    0x0801046c   0x0801046c   0x00000070   Code   RO         3224    i.LSM303AGR_ACC_GetSensitivityLP  lsm303agr.o
    0x080104dc   0x080104dc   0x00000070   Code   RO         3225    i.LSM303AGR_ACC_GetSensitivityNM  lsm303agr.o
    0x0801054c   0x0801054c   0x0000005c   Code   RO         3228    i.LSM303AGR_ACC_Init  lsm303agr.o
    0x080105a8   0x080105a8   0x0000001c   Code   RO         3229    i.LSM303AGR_ACC_ReadID  lsm303agr.o
    0x080105c4   0x080105c4   0x0000007c   Code   RO         3231    i.LSM303AGR_ACC_RegisterBusIO  lsm303agr.o
    0x08010640   0x08010640   0x00000038   Code   RO         3232    i.LSM303AGR_ACC_SetFullScale  lsm303agr.o
    0x08010678   0x08010678   0x00000030   Code   RO         3233    i.LSM303AGR_ACC_SetOutputDataRate  lsm303agr.o
    0x080106a8   0x080106a8   0x00000084   Code   RO         3234    i.LSM303AGR_ACC_SetOutputDataRate_When_Disabled  lsm303agr.o
    0x0801072c   0x0801072c   0x000000a4   Code   RO         3235    i.LSM303AGR_ACC_SetOutputDataRate_When_Enabled  lsm303agr.o
    0x080107d0   0x080107d0   0x00000020   Code   RO         3236    i.LSM303AGR_ACC_Write_Reg  lsm303agr.o
    0x080107f0   0x080107f0   0x00000104   Code   RO         4966    i.LSM303AGR_MAG_0_Probe  iks01a2_motion_sensors.o
    0x080108f4   0x080108f4   0x0000001c   Code   RO         3237    i.LSM303AGR_MAG_DeInit  lsm303agr.o
    0x08010910   0x08010910   0x0000002a   Code   RO         3238    i.LSM303AGR_MAG_Disable  lsm303agr.o
    0x0801093a   0x0801093a   0x0000002c   Code   RO         3239    i.LSM303AGR_MAG_Enable  lsm303agr.o
    0x08010966   0x08010966   0x00000078   Code   RO         3240    i.LSM303AGR_MAG_GetAxes  lsm303agr.o
    0x080109de   0x080109de   0x0000002e   Code   RO         3241    i.LSM303AGR_MAG_GetAxesRaw  lsm303agr.o
    0x08010a0c   0x08010a0c   0x0000003c   Code   RO         3242    i.LSM303AGR_MAG_GetCapabilities  lsm303agr.o
    0x08010a48   0x08010a48   0x0000000a   Code   RO         3243    i.LSM303AGR_MAG_GetFullScale  lsm303agr.o
    0x08010a52   0x08010a52   0x00000002   PAD
    0x08010a54   0x08010a54   0x00000068   Code   RO         3244    i.LSM303AGR_MAG_GetOutputDataRate  lsm303agr.o
    0x08010abc   0x08010abc   0x0000000e   Code   RO         3245    i.LSM303AGR_MAG_GetSensitivity  lsm303agr.o
    0x08010aca   0x08010aca   0x00000056   Code   RO         3248    i.LSM303AGR_MAG_Init  lsm303agr.o
    0x08010b20   0x08010b20   0x0000001c   Code   RO         3249    i.LSM303AGR_MAG_ReadID  lsm303agr.o
    0x08010b3c   0x08010b3c   0x00000074   Code   RO         3251    i.LSM303AGR_MAG_RegisterBusIO  lsm303agr.o
    0x08010bb0   0x08010bb0   0x00000006   Code   RO         3252    i.LSM303AGR_MAG_SetFullScale  lsm303agr.o
    0x08010bb6   0x08010bb6   0x00000002   PAD
    0x08010bb8   0x08010bb8   0x00000064   Code   RO         3253    i.LSM303AGR_MAG_SetOutputDataRate  lsm303agr.o
    0x08010c1c   0x08010c1c   0x00000130   Code   RO         4967    i.LSM6DSL_0_Probe   iks01a2_motion_sensors.o
    0x08010d4c   0x08010d4c   0x0000003e   Code   RO         1177    i.LSM6DSL_ACC_Disable  lsm6dsl.o
    0x08010d8a   0x08010d8a   0x0000002e   Code   RO         1187    i.LSM6DSL_ACC_Enable  lsm6dsl.o
    0x08010db8   0x08010db8   0x0000008c   Code   RO         1197    i.LSM6DSL_ACC_GetAxes  lsm6dsl.o
    0x08010e44   0x08010e44   0x0000002e   Code   RO         1198    i.LSM6DSL_ACC_GetAxesRaw  lsm6dsl.o
    0x08010e72   0x08010e72   0x00000050   Code   RO         1199    i.LSM6DSL_ACC_GetFullScale  lsm6dsl.o
    0x08010ec2   0x08010ec2   0x00000002   PAD
    0x08010ec4   0x08010ec4   0x000000dc   Code   RO         1200    i.LSM6DSL_ACC_GetOutputDataRate  lsm6dsl.o
    0x08010fa0   0x08010fa0   0x00000070   Code   RO         1201    i.LSM6DSL_ACC_GetSensitivity  lsm6dsl.o
    0x08011010   0x08011010   0x00000038   Code   RO         1212    i.LSM6DSL_ACC_SetFullScale  lsm6dsl.o
    0x08011048   0x08011048   0x00000030   Code   RO         1213    i.LSM6DSL_ACC_SetOutputDataRate  lsm6dsl.o
    0x08011078   0x08011078   0x000000cc   Code   RO         1214    i.LSM6DSL_ACC_SetOutputDataRate_When_Disabled  lsm6dsl.o
    0x08011144   0x08011144   0x000000e8   Code   RO         1215    i.LSM6DSL_ACC_SetOutputDataRate_When_Enabled  lsm6dsl.o
    0x0801122c   0x0801122c   0x00000030   Code   RO         1229    i.LSM6DSL_DeInit    lsm6dsl.o
    0x0801125c   0x0801125c   0x0000003e   Code   RO         1243    i.LSM6DSL_GYRO_Disable  lsm6dsl.o
    0x0801129a   0x0801129a   0x0000002e   Code   RO         1244    i.LSM6DSL_GYRO_Enable  lsm6dsl.o
    0x080112c8   0x080112c8   0x00000080   Code   RO         1245    i.LSM6DSL_GYRO_GetAxes  lsm6dsl.o
    0x08011348   0x08011348   0x0000002e   Code   RO         1246    i.LSM6DSL_GYRO_GetAxesRaw  lsm6dsl.o
    0x08011376   0x08011376   0x0000005c   Code   RO         1247    i.LSM6DSL_GYRO_GetFullScale  lsm6dsl.o
    0x080113d2   0x080113d2   0x00000002   PAD
    0x080113d4   0x080113d4   0x000000d0   Code   RO         1248    i.LSM6DSL_GYRO_GetOutputDataRate  lsm6dsl.o
    0x080114a4   0x080114a4   0x00000080   Code   RO         1249    i.LSM6DSL_GYRO_GetSensitivity  lsm6dsl.o
    0x08011524   0x08011524   0x00000044   Code   RO         1252    i.LSM6DSL_GYRO_SetFullScale  lsm6dsl.o
    0x08011568   0x08011568   0x00000030   Code   RO         1253    i.LSM6DSL_GYRO_SetOutputDataRate  lsm6dsl.o
    0x08011598   0x08011598   0x000000cc   Code   RO         1254    i.LSM6DSL_GYRO_SetOutputDataRate_When_Disabled  lsm6dsl.o
    0x08011664   0x08011664   0x000000e8   Code   RO         1255    i.LSM6DSL_GYRO_SetOutputDataRate_When_Enabled  lsm6dsl.o
    0x0801174c   0x0801174c   0x00000040   Code   RO         1258    i.LSM6DSL_GetCapabilities  lsm6dsl.o
    0x0801178c   0x0801178c   0x00000098   Code   RO         1259    i.LSM6DSL_Init      lsm6dsl.o
    0x08011824   0x08011824   0x0000001c   Code   RO         1260    i.LSM6DSL_ReadID    lsm6dsl.o
    0x08011840   0x08011840   0x0000007c   Code   RO         1262    i.LSM6DSL_RegisterBusIO  lsm6dsl.o
    0x080118bc   0x080118bc   0x00000020   Code   RO         1265    i.LSM6DSL_Write_Reg  lsm6dsl.o
    0x080118dc   0x080118dc   0x00000042   Code   RO           27    i.Linear_Interpolation  hts221.o
    0x0801191e   0x0801191e   0x00000002   PAD
    0x08011920   0x08011920   0x00000028   Code   RO         5637    i.MX_CRC_Init       main.o
    0x08011948   0x08011948   0x00000012   Code   RO         5638    i.MX_GPIO_Init      main.o
    0x0801195a   0x0801195a   0x00000002   PAD
    0x0801195c   0x0801195c   0x0000003c   Code   RO         6174    i.MX_I2C1_Init      nucleo_f401re_bus.o
    0x08011998   0x08011998   0x0000003c   Code   RO         6264    i.MX_I2C2_Init      i2c.o
    0x080119d4   0x080119d4   0x00000050   Code   RO         5639    i.MX_TIM_ALGO_Init  main.o
    0x08011a24   0x08011a24   0x000001d8   Code   RO         5640    i.Magneto_Sensor_Handler  main.o
    0x08011bfc   0x08011bfc   0x00000006   Code   RO         6065    i.MotionFX_LoadMagCalFromNVM  motionfx_manager.o
    0x08011c02   0x08011c02   0x00000006   Code   RO         6066    i.MotionFX_SaveMagCalInNVM  motionfx_manager.o
    0x08011c08   0x08011c08   0x00000014   Code   RO         6067    i.MotionFX_manager_MagCal_run  motionfx_manager.o
    0x08011c1c   0x08011c1c   0x0000000e   Code   RO         6068    i.MotionFX_manager_MagCal_start  motionfx_manager.o
    0x08011c2a   0x08011c2a   0x0000000e   Code   RO         6069    i.MotionFX_manager_MagCal_stop  motionfx_manager.o
    0x08011c38   0x08011c38   0x00000010   Code   RO         6070    i.MotionFX_manager_get_version  motionfx_manager.o
    0x08011c48   0x08011c48   0x000000f0   Code   RO         6071    i.MotionFX_manager_init  motionfx_manager.o
    0x08011d38   0x08011d38   0x00000044   Code   RO         6072    i.MotionFX_manager_run  motionfx_manager.o
    0x08011d7c   0x08011d7c   0x0000000a   Code   RO         6073    i.MotionFX_manager_start_6X  motionfx_manager.o
    0x08011d86   0x08011d86   0x0000000a   Code   RO         6074    i.MotionFX_manager_start_9X  motionfx_manager.o
    0x08011d90   0x08011d90   0x0000000a   Code   RO         6075    i.MotionFX_manager_stop_6X  motionfx_manager.o
    0x08011d9a   0x08011d9a   0x0000000a   Code   RO         6076    i.MotionFX_manager_stop_9X  motionfx_manager.o
    0x08011da4   0x08011da4   0x00000002   Code   RO         5893    i.NMI_Handler       stm32f4xx_it.o
    0x08011da6   0x08011da6   0x00000002   PAD
    0x08011da8   0x08011da8   0x00000010   Code   RO         6517    i.NVIC_GetPriorityGrouping  stm32f4xx_hal_cortex.o
    0x08011db8   0x08011db8   0x00000028   Code   RO         6518    i.NVIC_SetPriority  stm32f4xx_hal_cortex.o
    0x08011de0   0x08011de0   0x00000028   Code   RO         5641    i.Pressure_Sensor_Handler  main.o
    0x08011e08   0x08011e08   0x00000016   Code   RO         8009    i.RTC_Bcd2ToByte    stm32f4xx_hal_rtc.o
    0x08011e1e   0x08011e1e   0x0000001a   Code   RO         8010    i.RTC_ByteToBcd2    stm32f4xx_hal_rtc.o
    0x08011e38   0x08011e38   0x0000007c   Code   RO         5642    i.RTC_Config        main.o
    0x08011eb4   0x08011eb4   0x00000030   Code   RO         5643    i.RTC_DateRegulate  main.o
    0x08011ee4   0x08011ee4   0x0000003e   Code   RO         8011    i.RTC_EnterInitMode  stm32f4xx_hal_rtc.o
    0x08011f22   0x08011f22   0x00000002   PAD
    0x08011f24   0x08011f24   0x00000058   Code   RO         5644    i.RTC_Handler       main.o
    0x08011f7c   0x08011f7c   0x0000003c   Code   RO         5645    i.RTC_TimeRegulate  main.o
    0x08011fb8   0x08011fb8   0x00000054   Code   RO         5646    i.RTC_TimeStampConfig  main.o
    0x0801200c   0x0801200c   0x00000038   Code   RO         3255    i.ReadAccRegWrap    lsm303agr.o
    0x08012044   0x08012044   0x00000038   Code   RO         3256    i.ReadMagRegWrap    lsm303agr.o
    0x0801207c   0x0801207c   0x00000038   Code   RO           28    i.ReadRegWrap       hts221.o
    0x080120b4   0x080120b4   0x00000058   Code   RO          467    i.ReadRegWrap       lps22hb.o
    0x0801210c   0x0801210c   0x00000020   Code   RO         1266    i.ReadRegWrap       lsm6dsl.o
    0x0801212c   0x0801212c   0x00000026   Code   RO         5954    i.ReverseByteStuffCopyByte2  serial_protocol.o
    0x08012152   0x08012152   0x0000001a   Code   RO         5956    i.Serialize_s32     serial_protocol.o
    0x0801216c   0x0801216c   0x00000008   Code   RO         5894    i.SysTick_Handler   stm32f4xx_it.o
    0x08012174   0x08012174   0x000000bc   Code   RO         5851    i.SystemClock_Config  cube_hal_f4.o
    0x08012230   0x08012230   0x00000064   Code   RO         5449    i.SystemInit        system_stm32f4xx.o
    0x08012294   0x08012294   0x00000010   Code   RO         5895    i.TIM3_IRQHandler   stm32f4xx_it.o
    0x080122a4   0x080122a4   0x000000a4   Code   RO         8448    i.TIM_Base_SetConfig  stm32f4xx_hal_tim.o
    0x08012348   0x08012348   0x00000016   Code   RO         8459    i.TIM_ETR_SetConfig  stm32f4xx_hal_tim.o
    0x0801235e   0x0801235e   0x00000012   Code   RO         8460    i.TIM_ITRx_SetConfig  stm32f4xx_hal_tim.o
    0x08012370   0x08012370   0x00000026   Code   RO         8466    i.TIM_TI1_ConfigInputStage  stm32f4xx_hal_tim.o
    0x08012396   0x08012396   0x00000028   Code   RO         8468    i.TIM_TI2_ConfigInputStage  stm32f4xx_hal_tim.o
    0x080123be   0x080123be   0x00000002   PAD
    0x080123c0   0x080123c0   0x00000028   Code   RO         5647    i.Temperature_Sensor_Handler  main.o
    0x080123e8   0x080123e8   0x00000050   Code   RO         9336    i.UART_DMAError     stm32f4xx_hal_uart.o
    0x08012438   0x08012438   0x00000046   Code   RO         9337    i.UART_DMAReceiveCplt  stm32f4xx_hal_uart.o
    0x0801247e   0x0801247e   0x0000000e   Code   RO         9339    i.UART_DMARxHalfCplt  stm32f4xx_hal_uart.o
    0x0801248c   0x0801248c   0x00000020   Code   RO         9345    i.UART_EndRxTransfer  stm32f4xx_hal_uart.o
    0x080124ac   0x080124ac   0x00000014   Code   RO         9347    i.UART_EndTxTransfer  stm32f4xx_hal_uart.o
    0x080124c0   0x080124c0   0x0000010c   Code   RO         5580    i.UART_ReceivedMSG  com.o
    0x080125cc   0x080125cc   0x0000002c   Code   RO         5581    i.UART_SendMsg      com.o
    0x080125f8   0x080125f8   0x00000368   Code   RO         9349    i.UART_SetConfig    stm32f4xx_hal_uart.o
    0x08012960   0x08012960   0x0000006c   Code   RO         9351    i.UART_WaitOnFlagUntilTimeout  stm32f4xx_hal_uart.o
    0x080129cc   0x080129cc   0x00000114   Code   RO         5582    i.USARTConfig       com.o
    0x08012ae0   0x08012ae0   0x00000028   Code   RO         5583    i.USART_DMA_Configuration  com.o
    0x08012b08   0x08012b08   0x00000038   Code   RO         3257    i.WriteAccRegWrap   lsm303agr.o
    0x08012b40   0x08012b40   0x00000038   Code   RO         3258    i.WriteMagRegWrap   lsm303agr.o
    0x08012b78   0x08012b78   0x00000038   Code   RO           29    i.WriteRegWrap      hts221.o
    0x08012bb0   0x08012bb0   0x00000058   Code   RO          468    i.WriteRegWrap      lps22hb.o
    0x08012c08   0x08012c08   0x00000020   Code   RO         1267    i.WriteRegWrap      lsm6dsl.o
    0x08012c28   0x08012c28   0x00000030   Code   RO        10463    i.__ARM_fpclassify  m_wm.l(fpclassify.o)
    0x08012c58   0x08012c58   0x00000026   Code   RO        10465    i.__ARM_fpclassifyf  m_wm.l(fpclassifyf.o)
    0x08012c7e   0x08012c7e   0x00000002   PAD
    0x08012c80   0x08012c80   0x00000118   Code   RO        10290    i.__hardfp_acosf    m_wm.l(acosf.o)
    0x08012d98   0x08012d98   0x00000360   Code   RO        10302    i.__hardfp_asin     m_wm.l(asin.o)
    0x080130f8   0x080130f8   0x000002d8   Code   RO        10429    i.__hardfp_atan     m_wm.l(atan.o)
    0x080133d0   0x080133d0   0x000001f0   Code   RO        10316    i.__hardfp_atan2    m_wm.l(atan2.o)
    0x080135c0   0x080135c0   0x00000150   Code   RO        10328    i.__hardfp_cosf     m_wm.l(cosf.o)
    0x08013710   0x08013710   0x00000118   Code   RO        10340    i.__hardfp_floor    m_wm.l(floor.o)
    0x08013828   0x08013828   0x0000009a   Code   RO        10382    i.__hardfp_roundf   m_wm.l(roundf.o)
    0x080138c2   0x080138c2   0x00000002   PAD
    0x080138c4   0x080138c4   0x00000190   Code   RO        10346    i.__hardfp_sinf     m_wm.l(sinf.o)
    0x08013a54   0x08013a54   0x0000017c   Code   RO        10370    i.__hardfp_tanf     m_wm.l(tanf.o)
    0x08013bd0   0x08013bd0   0x000000f8   Code   RO        10481    i.__kernel_poly     m_wm.l(poly.o)
    0x08013cc8   0x08013cc8   0x00000014   Code   RO        10444    i.__mathlib_dbl_infnan  m_wm.l(dunder.o)
    0x08013cdc   0x08013cdc   0x00000014   Code   RO        10445    i.__mathlib_dbl_infnan2  m_wm.l(dunder.o)
    0x08013cf0   0x08013cf0   0x00000020   Code   RO        10446    i.__mathlib_dbl_invalid  m_wm.l(dunder.o)
    0x08013d10   0x08013d10   0x00000020   Code   RO        10449    i.__mathlib_dbl_underflow  m_wm.l(dunder.o)
    0x08013d30   0x08013d30   0x00000006   Code   RO        10468    i.__mathlib_flt_infnan  m_wm.l(funder.o)
    0x08013d36   0x08013d36   0x00000002   PAD
    0x08013d38   0x08013d38   0x00000010   Code   RO        10470    i.__mathlib_flt_invalid  m_wm.l(funder.o)
    0x08013d48   0x08013d48   0x00000010   Code   RO        10473    i.__mathlib_flt_underflow  m_wm.l(funder.o)
    0x08013d58   0x08013d58   0x00000154   Code   RO        10484    i.__mathlib_rredf2  m_wm.l(rredf.o)
    0x08013eac   0x08013eac   0x0000000e   Code   RO        10545    i.__scatterload_copy  mc_w.l(handlers.o)
    0x08013eba   0x08013eba   0x00000002   Code   RO        10546    i.__scatterload_null  mc_w.l(handlers.o)
    0x08013ebc   0x08013ebc   0x0000000e   Code   RO        10547    i.__scatterload_zeroinit  mc_w.l(handlers.o)
    0x08013eca   0x08013eca   0x00000002   PAD
    0x08013ecc   0x08013ecc   0x0000000c   Code   RO        10521    i.__set_errno       mc_w.l(errno.o)
    0x08013ed8   0x08013ed8   0x00000010   Code   RO        10292    i.acosf             m_wm.l(acosf.o)
    0x08013ee8   0x08013ee8   0x00000010   Code   RO        10304    i.asin              m_wm.l(asin.o)
    0x08013ef8   0x08013ef8   0x00000010   Code   RO        10431    i.atan              m_wm.l(atan.o)
    0x08013f08   0x08013f08   0x00000014   Code   RO        10318    i.atan2             m_wm.l(atan2.o)
    0x08013f1c   0x08013f1c   0x00000010   Code   RO        10330    i.cosf              m_wm.l(cosf.o)
    0x08013f2c   0x08013f2c   0x00000018   Code   RO        10459    i.fabs              m_wm.l(fabs.o)
    0x08013f44   0x08013f44   0x00000010   Code   RO        10342    i.floor             m_wm.l(floor.o)
    0x08013f54   0x08013f54   0x00000032   Code   RO          197    i.hts221_block_data_update_set  hts221_reg.o
    0x08013f86   0x08013f86   0x00000050   Code   RO          200    i.hts221_data_rate_get  hts221_reg.o
    0x08013fd6   0x08013fd6   0x00000032   Code   RO          201    i.hts221_data_rate_set  hts221_reg.o
    0x08014008   0x08014008   0x00000018   Code   RO          202    i.hts221_device_id_get  hts221_reg.o
    0x08014020   0x08014020   0x00000018   Code   RO          207    i.hts221_hum_adc_point_0_get  hts221_reg.o
    0x08014038   0x08014038   0x00000018   Code   RO          208    i.hts221_hum_adc_point_1_get  hts221_reg.o
    0x08014050   0x08014050   0x0000001e   Code   RO          210    i.hts221_hum_rh_point_0_get  hts221_reg.o
    0x0801406e   0x0801406e   0x0000001e   Code   RO          211    i.hts221_hum_rh_point_1_get  hts221_reg.o
    0x0801408c   0x0801408c   0x00000018   Code   RO          214    i.hts221_humidity_raw_get  hts221_reg.o
    0x080140a4   0x080140a4   0x00000032   Code   RO          222    i.hts221_power_on_set  hts221_reg.o
    0x080140d6   0x080140d6   0x00000020   Code   RO          223    i.hts221_read_reg   hts221_reg.o
    0x080140f6   0x080140f6   0x00000018   Code   RO          225    i.hts221_temp_adc_point_0_get  hts221_reg.o
    0x0801410e   0x0801410e   0x00000018   Code   RO          226    i.hts221_temp_adc_point_1_get  hts221_reg.o
    0x08014126   0x08014126   0x00000040   Code   RO          228    i.hts221_temp_deg_point_0_get  hts221_reg.o
    0x08014166   0x08014166   0x00000040   Code   RO          229    i.hts221_temp_deg_point_1_get  hts221_reg.o
    0x080141a6   0x080141a6   0x00000018   Code   RO          232    i.hts221_temperature_raw_get  hts221_reg.o
    0x080141be   0x080141be   0x00000022   Code   RO          233    i.hts221_write_reg  hts221_reg.o
    0x080141e0   0x080141e0   0x000001cc   Code   RO         6291    i.init_LSM9DS1_I2C  lsm9ds1.o
    0x080143ac   0x080143ac   0x00000032   Code   RO          674    i.lps22hb_auto_add_inc_set  lps22hb_reg.o
    0x080143de   0x080143de   0x00000032   Code   RO          680    i.lps22hb_block_data_update_set  lps22hb_reg.o
    0x08014410   0x08014410   0x0000005a   Code   RO          684    i.lps22hb_data_rate_get  lps22hb_reg.o
    0x0801446a   0x0801446a   0x00000032   Code   RO          685    i.lps22hb_data_rate_set  lps22hb_reg.o
    0x0801449c   0x0801449c   0x00000018   Code   RO          687    i.lps22hb_device_id_get  lps22hb_reg.o
    0x080144b4   0x080144b4   0x00000018   Code   RO          705    i.lps22hb_from_lsb_to_degc  lps22hb_reg.o
    0x080144cc   0x080144cc   0x00000018   Code   RO          706    i.lps22hb_from_lsb_to_hpa  lps22hb_reg.o
    0x080144e4   0x080144e4   0x00000032   Code   RO          724    i.lps22hb_low_pass_filter_mode_set  lps22hb_reg.o
    0x08014516   0x08014516   0x00000032   Code   RO          727    i.lps22hb_low_power_set  lps22hb_reg.o
    0x08014548   0x08014548   0x00000018   Code   RO          736    i.lps22hb_pressure_raw_get  lps22hb_reg.o
    0x08014560   0x08014560   0x00000020   Code   RO          743    i.lps22hb_read_reg  lps22hb_reg.o
    0x08014580   0x08014580   0x00000018   Code   RO          754    i.lps22hb_temperature_raw_get  lps22hb_reg.o
    0x08014598   0x08014598   0x00000022   Code   RO          755    i.lps22hb_write_reg  lps22hb_reg.o
    0x080145ba   0x080145ba   0x00000018   Code   RO         3490    i.lsm303agr_acceleration_raw_get  lsm303agr_reg.o
    0x080145d2   0x080145d2   0x00000032   Code   RO         3514    i.lsm303agr_mag_block_data_update_set  lsm303agr_reg.o
    0x08014604   0x08014604   0x00000050   Code   RO         3520    i.lsm303agr_mag_data_rate_get  lsm303agr_reg.o
    0x08014654   0x08014654   0x00000032   Code   RO         3521    i.lsm303agr_mag_data_rate_set  lsm303agr_reg.o
    0x08014686   0x08014686   0x00000018   Code   RO         3523    i.lsm303agr_mag_device_id_get  lsm303agr_reg.o
    0x0801469e   0x0801469e   0x00000032   Code   RO         3527    i.lsm303agr_mag_i2c_interface_set  lsm303agr_reg.o
    0x080146d0   0x080146d0   0x00000032   Code   RO         3542    i.lsm303agr_mag_operating_mode_set  lsm303agr_reg.o
    0x08014702   0x08014702   0x00000032   Code   RO         3548    i.lsm303agr_mag_self_test_set  lsm303agr_reg.o
    0x08014734   0x08014734   0x00000018   Code   RO         3556    i.lsm303agr_magnetic_raw_get  lsm303agr_reg.o
    0x0801474c   0x0801474c   0x00000020   Code   RO         3559    i.lsm303agr_read_reg  lsm303agr_reg.o
    0x0801476c   0x0801476c   0x00000022   Code   RO         3573    i.lsm303agr_write_reg  lsm303agr_reg.o
    0x0801478e   0x0801478e   0x00000032   Code   RO         3575    i.lsm303agr_xl_block_data_update_set  lsm303agr_reg.o
    0x080147c0   0x080147c0   0x00000074   Code   RO         3581    i.lsm303agr_xl_data_rate_get  lsm303agr_reg.o
    0x08014834   0x08014834   0x00000032   Code   RO         3582    i.lsm303agr_xl_data_rate_set  lsm303agr_reg.o
    0x08014866   0x08014866   0x00000018   Code   RO         3584    i.lsm303agr_xl_device_id_get  lsm303agr_reg.o
    0x0801487e   0x0801487e   0x00000032   Code   RO         3590    i.lsm303agr_xl_fifo_mode_set  lsm303agr_reg.o
    0x080148b0   0x080148b0   0x00000050   Code   RO         3600    i.lsm303agr_xl_full_scale_get  lsm303agr_reg.o
    0x08014900   0x08014900   0x00000032   Code   RO         3601    i.lsm303agr_xl_full_scale_set  lsm303agr_reg.o
    0x08014932   0x08014932   0x0000004c   Code   RO         3632    i.lsm303agr_xl_operating_mode_get  lsm303agr_reg.o
    0x0801497e   0x0801497e   0x00000018   Code   RO         1738    i.lsm6dsl_acceleration_raw_get  lsm6dsl_reg.o
    0x08014996   0x08014996   0x00000018   Code   RO         1746    i.lsm6dsl_angular_rate_raw_get  lsm6dsl_reg.o
    0x080149ae   0x080149ae   0x00000032   Code   RO         1748    i.lsm6dsl_auto_increment_set  lsm6dsl_reg.o
    0x080149e0   0x080149e0   0x00000032   Code   RO         1750    i.lsm6dsl_block_data_update_set  lsm6dsl_reg.o
    0x08014a12   0x08014a12   0x00000018   Code   RO         1769    i.lsm6dsl_device_id_get  lsm6dsl_reg.o
    0x08014a2a   0x08014a2a   0x00000032   Code   RO         1784    i.lsm6dsl_fifo_mode_set  lsm6dsl_reg.o
    0x08014a5c   0x08014a5c   0x0000007c   Code   RO         1817    i.lsm6dsl_gy_data_rate_get  lsm6dsl_reg.o
    0x08014ad8   0x08014ad8   0x00000032   Code   RO         1818    i.lsm6dsl_gy_data_rate_set  lsm6dsl_reg.o
    0x08014b0a   0x08014b0a   0x00000056   Code   RO         1820    i.lsm6dsl_gy_full_scale_get  lsm6dsl_reg.o
    0x08014b60   0x08014b60   0x00000032   Code   RO         1821    i.lsm6dsl_gy_full_scale_set  lsm6dsl_reg.o
    0x08014b92   0x08014b92   0x00000020   Code   RO         1869    i.lsm6dsl_read_reg  lsm6dsl_reg.o
    0x08014bb2   0x08014bb2   0x00000022   Code   RO         1952    i.lsm6dsl_write_reg  lsm6dsl_reg.o
    0x08014bd4   0x08014bd4   0x00000082   Code   RO         1953    i.lsm6dsl_xl_data_rate_get  lsm6dsl_reg.o
    0x08014c56   0x08014c56   0x00000032   Code   RO         1954    i.lsm6dsl_xl_data_rate_set  lsm6dsl_reg.o
    0x08014c88   0x08014c88   0x00000050   Code   RO         1958    i.lsm6dsl_xl_full_scale_get  lsm6dsl_reg.o
    0x08014cd8   0x08014cd8   0x00000032   Code   RO         1959    i.lsm6dsl_xl_full_scale_set  lsm6dsl_reg.o
    0x08014d0a   0x08014d0a   0x00000002   PAD
    0x08014d0c   0x08014d0c   0x0000016c   Code   RO         5648    i.main              main.o
    0x08014e78   0x08014e78   0x00000010   Code   RO        10383    i.roundf            m_wm.l(roundf.o)
    0x08014e88   0x08014e88   0x00000010   Code   RO        10348    i.sinf              m_wm.l(sinf.o)
    0x08014e98   0x08014e98   0x0000006e   Code   RO        10360    i.sqrt              m_wm.l(sqrt.o)
    0x08014f06   0x08014f06   0x0000003e   Code   RO        10489    i.sqrtf             m_wm.l(sqrtf.o)
    0x08014f44   0x08014f44   0x00000010   Code   RO        10372    i.tanf              m_wm.l(tanf.o)
    0x08014f54   0x08014f54   0x00000005   Data   RO         4448    .constdata          stm32f4xx_nucleo.o
    0x08014f59   0x08014f59   0x00000018   Data   RO         5450    .constdata          system_stm32f4xx.o
    0x08014f71   0x08014f71   0x00000008   Data   RO         6714    .constdata          stm32f4xx_hal_dma.o
    0x08014f79   0x08014f79   0x00000007   PAD
    0x08014f80   0x08014f80   0x00000050   Data   RO        10305    .constdata          m_wm.l(asin.o)
    0x08014fd0   0x08014fd0   0x00000098   Data   RO        10432    .constdata          m_wm.l(atan.o)
    0x08015068   0x08015068   0x00000008   Data   RO        10483    .constdata          m_wm.l(qnan.o)
    0x08015070   0x08015070   0x00000020   Data   RO        10485    .constdata          m_wm.l(rredf.o)
    0x08015090   0x08015090   0x000001bb   Data   RO        10289    .rodata             MotionFX_CM4F_wc16_ot.a(motion_fx.o)
    0x0801524b   0x0801524b   0x00000001   PAD
    0x0801524c   0x0801524c   0x00000020   Data   RO        10543    Region$$Table       anon$$obj.o


    Execution Region RW_IRAM1 (Exec base: 0x20000000, Load base: 0x0801526c, Size: 0x0000a8f8, Max: 0x00018000, ABSOLUTE, COMPRESSED[0x000001c4])

    Exec Addr    Load Addr    Size         Type   Attr      Idx    E Section Name        Object

    0x20000000   COMPRESSED   0x00000038   Data   RW           30    .data               hts221.o
    0x20000038   COMPRESSED   0x00000038   Data   RW          469    .data               lps22hb.o
    0x20000070   COMPRESSED   0x00000058   Data   RW         1268    .data               lsm6dsl.o
    0x200000c8   COMPRESSED   0x00000068   Data   RW         3259    .data               lsm303agr.o
    0x20000130   COMPRESSED   0x0000000c   Data   RW         4449    .data               stm32f4xx_nucleo.o
    0x2000013c   COMPRESSED   0x0000002c   Data   RW         4737    .data               iks01a2_env_sensors.o
    0x20000168   COMPRESSED   0x00000014   Data   RW         4969    .data               iks01a2_motion_sensors.o
    0x2000017c   COMPRESSED   0x00000004   Data   RW         5451    .data               system_stm32f4xx.o
    0x20000180   COMPRESSED   0x00000029   Data   RW         5496    .data               demoserial.o
    0x200001a9   COMPRESSED   0x00000003   PAD
    0x200001ac   COMPRESSED   0x0000000c   Data   RW         5585    .data               com.o
    0x200001b8   COMPRESSED   0x00000019   Data   RW         5650    .data               main.o
    0x200001d1   COMPRESSED   0x00000003   PAD
    0x200001d4   COMPRESSED   0x00000004   Data   RW         5787    .data               stm32f4xx_hal_msp.o
    0x200001d8   COMPRESSED   0x0000000c   Data   RW         6078    .data               motionfx_manager.o
    0x200001e4   COMPRESSED   0x00000009   Data   RW         6343    .data               stm32f4xx_hal.o
    0x200001ed   COMPRESSED   0x00000003   PAD
    0x200001f0   COMPRESSED   0x000011c0   Data   RW        10243    .data               MotionFX_CM4F_wc16_ot.a(motion_fx.o)
    0x200013b0   COMPRESSED   0x00000004   Data   RW        10522    .data               mc_w.l(errno.o)
    0x200013b4        -       0x00000070   Zero   RW         4736    .bss                iks01a2_env_sensors.o
    0x20001424        -       0x000000d0   Zero   RW         4968    .bss                iks01a2_motion_sensors.o
    0x200014f4        -       0x000004a0   Zero   RW         5584    .bss                com.o
    0x20001994        -       0x00000090   Zero   RW         5649    .bss                main.o
    0x20001a24        -       0x0000003c   Zero   RW         6077    .bss                motionfx_manager.o
    0x20001a60        -       0x00000054   Zero   RW         6175    .bss                nucleo_f401re_bus.o
    0x20001ab4        -       0x00000054   Zero   RW         6265    .bss                i2c.o
    0x20001b08        -       0x00000de9   Zero   RW        10244    .bss                MotionFX_CM4F_wc16_ot.a(motion_fx.o)
    0x200028f1   COMPRESSED   0x00000007   PAD
    0x200028f8        -       0x00008000   Zero   RW         5482    STACK               startup_stm32f401xe.o


==============================================================================

Image component sizes


      Code (inc. data)   RO Data    RW Data    ZI Data      Debug   Object Name

       628         52          0         12       1184       5093   com.o
      1044         26          0          0          0       3466   cube_hal_f4.o
       784         38          0         41          0       5821   demoserial.o
      1392         26          0         56          0      32305   hts221.o
       652          0          0          0          0      14360   hts221_reg.o
        60         12          0          0         84        843   i2c.o
      1200        188          0         44        112      16051   iks01a2_env_sensors.o
      1396        214          0         20        208      27607   iks01a2_motion_sensors.o
      1416         48          0         56          0      25824   lps22hb.o
       526         18          0          0          0      11071   lps22hb_reg.o
      3032        182          0        104          0      47958   lsm303agr.o
       964         10          0          0          0      16879   lsm303agr_reg.o
      3020        296          0         88          0      57125   lsm6dsl.o
       908         32          0          0          0      14258   lsm6dsl_reg.o
       460          8          0          0          0        707   lsm9ds1.o
      2546        196          0         25        144      15194   main.o
       424         28          0         12         60       9053   motionfx_manager.o
       396         52          0          0         84       6257   nucleo_f401re_bus.o
       248          0          0          0          0       5431   serial_protocol.o
        36          8        404          0      32768        880   startup_stm32f401xe.o
       202         34          0          9          0       5903   stm32f4xx_hal.o
       298         22          0          0          0      31703   stm32f4xx_hal_cortex.o
       660         10          8          0          0       5074   stm32f4xx_hal_dma.o
       836         66          0          0          0       5108   stm32f4xx_hal_gpio.o
      2840         46          0          0          0      14382   stm32f4xx_hal_i2c.o
        76          0          0          0          0       1323   stm32f4xx_hal_i2c_ex.o
       632         62          0          4          0       3852   stm32f4xx_hal_msp.o
        12          4          0          0          0        647   stm32f4xx_hal_pwr.o
      1732         84          0          0          0       6280   stm32f4xx_hal_rcc.o
       436         24          0          0          0       1636   stm32f4xx_hal_rcc_ex.o
      1116         22          0          0          0       8402   stm32f4xx_hal_rtc.o
      1110         30          0          0          0      11706   stm32f4xx_hal_tim.o
        88          0          0          0          0       2873   stm32f4xx_hal_tim_ex.o
      1728         22          0          0          0      11463   stm32f4xx_hal_uart.o
        44          6          0          0          0       3268   stm32f4xx_it.o
       352         58          5         12          0     462058   stm32f4xx_nucleo.o
       100         18         24          4          0       1703   system_stm32f4xx.o

    ----------------------------------------------------------------------
     33444       1942        480        496      34644     893564   Object Totals
         0          0         32          0          0          0   (incl. Generated)
        50          0          7          9          0          0   (incl. Padding)

    ----------------------------------------------------------------------

      Code (inc. data)   RO Data    RW Data    ZI Data      Debug   Library Member Name

     44612       1574        443       4544       3561          0   motion_fx.o
       296         46          0          0          0        300   acosf.o
       880         94         80          0          0        404   asin.o
       744        106        152          0          0        352   atan.o
       516         64          0          0          0        316   atan2.o
       352         56          0          0          0        260   cosf.o
       104         16          0          0          0        496   dunder.o
        24          0          0          0          0        124   fabs.o
       296         28          0          0          0        280   floor.o
        48          0          0          0          0        124   fpclassify.o
        38          0          0          0          0        116   fpclassifyf.o
        38         12          0          0          0        348   funder.o
       248          0          0          0          0        152   poly.o
         0          0          8          0          0          0   qnan.o
       170          0          0          0          0        264   roundf.o
       340         24         32          0          0        160   rredf.o
       416         56          0          0          0        336   sinf.o
       110          0          0          0          0        148   sqrt.o
        62          0          0          0          0        136   sqrtf.o
       396         58          0          0          0        324   tanf.o
        86          0          0          0          0          0   __dczerorl2.o
         0          0          0          0          0          0   entry.o
         0          0          0          0          0          0   entry10a.o
         0          0          0          0          0          0   entry11a.o
         8          4          0          0          0          0   entry2.o
         4          0          0          0          0          0   entry5.o
         0          0          0          0          0          0   entry7b.o
         0          0          0          0          0          0   entry8b.o
         8          4          0          0          0          0   entry9a.o
        12          6          0          4          0         68   errno.o
        30          0          0          0          0          0   handlers.o
        36          8          0          0          0         68   init.o
         0          0          0          0          0          0   iusefp.o
        30          0          0          0          0         68   llshl.o
        36          0          0          0          0         68   llsshr.o
        32          0          0          0          0         68   llushr.o
        40          0          0          0          0         76   memcpy.o
        36          0          0          0          0        108   memseta.o
        18          0          0          0          0         68   strcpy.o
        98          0          0          0          0         92   uldiv.o
        48          0          0          0          0         68   cdrcmple.o
        56          0          0          0          0         88   d2f.o
       334          0          0          0          0        148   dadd.o
        56          0          0          0          0         80   dcmpeq.o
        54          0          0          0          0         80   dcmpge.o
        54          0          0          0          0         80   dcmpgt.o
        54          0          0          0          0         80   dcmple.o
        54          0          0          0          0         80   dcmplt.o
       222          0          0          0          0        100   ddiv.o
       186          0          0          0          0        176   depilogue.o
        62          0          0          0          0         80   dfixi.o
        26          0          0          0          0         76   dfltui.o
       228          0          0          0          0         96   dmul.o
       162          0          0          0          0        100   dsqrt.o
        38          0          0          0          0         68   f2d.o
       110          0          0          0          0        168   fepilogue.o
        60          0          0          0          0         76   frnd.o

    ----------------------------------------------------------------------
     51996       2172        716       4548       3568       6968   Library Totals
        28         16          1          0          7          0   (incl. Padding)

    ----------------------------------------------------------------------

      Code (inc. data)   RO Data    RW Data    ZI Data      Debug   Library Name

     44612       1574        443       4544       3561          0   MotionFX_CM4F_wc16_ot.a
      5078        560        272          0          0       4640   m_wm.l
       474         22          0          4          0        684   mc_w.l
      1804          0          0          0          0       1644   mf_w.l

    ----------------------------------------------------------------------
     51996       2172        716       4548       3568       6968   Library Totals

    ----------------------------------------------------------------------

==============================================================================


      Code (inc. data)   RO Data    RW Data    ZI Data      Debug   

     85440       4114       1196       5044      38212     862420   Grand Totals
     85440       4114       1196        452      38212     862420   ELF Image Totals (compressed)
     85440       4114       1196        452          0          0   ROM Totals

==============================================================================

    Total RO  Size (Code + RO Data)                86636 (  84.61kB)
    Total RW  Size (RW Data + ZI Data)             43256 (  42.24kB)
    Total ROM Size (Code + RO Data + RW Data)      87088 (  85.05kB)

==============================================================================

